******************************************************************************
                  MSP430 Linker PC v21.6.1                     
******************************************************************************
>> Linked Sun Jun  2 07:58:32 2024

OUTPUT FILE NAME:   <mylcd.out>
ENTRY POINT SYMBOL: "_c_int00_noargs"  address: 00000a8a


MEMORY CONFIGURATION

         name            origin    length      used     unused   attr    fill
----------------------  --------  ---------  --------  --------  ----  --------
  MEM                   00000200   0000fdfd  00000c98  0000f165  RWIX
  RESET                 0000fffe   0000ffff  00000002  0000fffd  RWIX


SECTION ALLOCATION MAP

 output                                  attributes/
section   page    origin      length       input sections
--------  ----  ----------  ----------   ----------------
.text      0    00000200    000009ac     
                  00000200    0000011e     main.obj (.text:main)
                  0000031e    000000ee     rts430x_lc_sd_eabi.lib : copy_decompress_lzss.c.obj (.text:decompress:lzss:__TI_decompress_lzss)
                  0000040c    000000be     LiquidCrystal_I2C.obj (.text:_Z9LCD_Setupv)
                  000004ca    0000007e     LiquidCrystal_I2C.obj (.text:_Z12LCD_WriteNumj)
                  00000548    0000006a     rts430x_lc_sd_eabi.lib : autoinit.c.obj (.text:__TI_auto_init_nobinit_nopinit_hold_wdt:__TI_auto_init_nobinit_nopinit_hold_wdt)
                  000005b2    00000060     main.obj (.text:_Z7NumRandv)
                  00000612    00000060     main.obj (.text:rand)
                  00000672    00000058     rts430x_lc_sd_eabi.lib : div32u.asm.obj (.text)
                  000006ca    00000052     LiquidCrystal_I2C.obj (.text:_Z8I2C_Initi)
                  0000071c    0000004e     rts430x_lc_sd_eabi.lib : hosttime.c.obj (.text:HOSTtime)
                  0000076a    00000040                            : cpy_util.asm.obj (.text:__memcpy_far)
                  000007aa    00000040                            : div32s.asm.obj (.text)
                  000007ea    0000003e                            : copy_zero_init.c.obj (.text:decompress:ZI:__TI_zero_init_nomemset:__TI_zero_init_nomemset)
                  00000828    0000003e                            : lsl32.asm.obj (.text:l_lsl_const)
                  00000866    0000003c                            : copy_decompress_none.c.obj (.text:decompress:none:__TI_decompress_none)
                  000008a2    00000036     main.obj (.text:_Z10setupPortsv)
                  000008d8    00000032     LiquidCrystal_I2C.obj (.text:_Z14LCD_CreateChariPc)
                  0000090a    00000030     LiquidCrystal_I2C.obj (.text:_Z11pulseEnablei)
                  0000093a    00000030     main.obj (.text:_Z8fixedNumii)
                  0000096a    00000030     main.obj (.text:_Z8setupLCDv)
                  0000099a    0000002e     LiquidCrystal_I2C.obj (.text:_Z13LCD_SetCursorii)
                  000009c8    0000002e     rts430x_lc_sd_eabi.lib : trgmsg.c.obj (.text:__TI_writemsg)
                  000009f6    0000002c                            : trgmsg.c.obj (.text:__TI_readmsg)
                  00000a22    00000026     LiquidCrystal_I2C.obj (.text:_Z9LCD_WritePc)
                  00000a48    00000024     rts430x_lc_sd_eabi.lib : mult32_f5hw.asm.obj (.text)
                  00000a6c    0000001e     LiquidCrystal_I2C.obj (.text:_Z8LCD_Sendii)
                  00000a8a    0000001c     rts430x_lc_sd_eabi.lib : boot.c.obj (.text:_isr:_c_int00_noargs)
                  00000aa6    0000001a     main.obj (.text:_Z5delayj)
                  00000ac0    00000018     LiquidCrystal_I2C.obj (.text:_Z10write4bitsi)
                  00000ad8    00000018     LiquidCrystal_I2C.obj (.text:_Z16LCD_ClearDisplayv)
                  00000af0    00000018     rts430x_lc_sd_eabi.lib : time.c.obj (.text:__time32)
                  00000b08    00000018                            : mult16_f5hw.asm.obj (.text)
                  00000b20    00000016     LiquidCrystal_I2C.obj (.text:_Z18LCD_ShowCustomChariii)
                  00000b36    00000016     rts430x_lc_sd_eabi.lib : div16u.asm.obj (.text)
                  00000b4c    00000014     main.obj (.text:_Z10setupTimerv)
                  00000b60    00000012     rts430x_lc_sd_eabi.lib : memcpy.c.obj (.text:memcpy)
                  00000b72    0000000e                            : guard.c.obj (.text:__cxa_guard_acquire)
                  00000b80    0000000e                            : strlen.c.obj (.text:strlen)
                  00000b8e    0000000a     LiquidCrystal_I2C.obj (.text:_Z8I2C_Sendi)
                  00000b98    00000006     rts430x_lc_sd_eabi.lib : guard.c.obj (.text:__cxa_guard_release)
                  00000b9e    00000006                            : exit.c.obj (.text:abort)
                  00000ba4    00000004                            : pre_init.c.obj (.text:_system_pre_init)
                  00000ba8    00000002                            : _lock.c.obj (.text:_nop)
                  00000baa    00000002                            : startup.c.obj (.text:_system_post_cinit)

.data      0    00000bac    00000092     UNINITIALIZED
                  00000bac    00000040     main.obj (.data:monsterTemplates)
                  00000bec    00000040     main.obj (.data:monsters)
                  00000c2c    0000000a     main.obj (.data)
                  00000c36    00000004     rts430x_lc_sd_eabi.lib : _lock.c.obj (.data:_lock)
                  00000c3a    00000004                            : _lock.c.obj (.data:_unlock)

.const     0    00000c3e    0000001a     
                  00000c3e    00000008     LiquidCrystal_I2C.obj (.const:$P$T0$1)
                  00000c46    00000008     LiquidCrystal_I2C.obj (.const:$P$T1$2)
                  00000c4e    00000005     main.obj (.const:.string:$P$T2$5)
                  00000c53    00000001     --HOLE-- [fill = 0]
                  00000c54    00000004     main.obj (.const:.string:$P$T3$6)

.bss       0    00000c58    00000016     UNINITIALIZED
                  00000c58    0000000c     main.obj (.bss)
                  00000c64    00000008     (.common:parmbuf)
                  00000c6c    00000002     (.common:TXBUF)

.cinit     0    00000e30    0000006a     
                  00000e30    00000048     (.cinit..data.load) [load image, compression = lzss]
                  00000e78    0000000c     (__TI_handler_table)
                  00000e84    00000006     (.cinit..bss.load) [load image, compression = zero_init]
                  00000e8a    00000010     (__TI_cinit_table)

.reset     0    0000fffe    00000002     
                  0000fffe    00000002     rts430x_lc_sd_eabi.lib : boot.c.obj (.reset)

.init_array 
*          0    00000200    00000000     UNINITIALIZED

.cio       0    00000c6e    00000120     UNINITIALIZED
                  00000c6e    00000120     rts430x_lc_sd_eabi.lib : trgmsg.c.obj (.cio)

.stack     0    00000d90    000000a0     UNINITIALIZED
                  00000d90    00000002     rts430x_lc_sd_eabi.lib : boot.c.obj (.stack)
                  00000d92    0000009e     --HOLE--

MODULE SUMMARY

       Module                       code   ro data   rw data
       ------                       ----   -------   -------
    .\
       main.obj                     674    9         150    
       LiquidCrystal_I2C.obj        690    16        2      
    +--+----------------------------+------+---------+---------+
       Total:                       1364   25        152    
                                                            
    C:\ti\ccs1271\ccs\tools\compiler\ti-cgt-msp430_21.6.1.LTS\lib\rts430x_lc_sd_eabi.lib
       trgmsg.c.obj                 90     0         288    
       copy_decompress_lzss.c.obj   238    0         0      
       autoinit.c.obj               106    0         0      
       div32u.asm.obj               88     0         0      
       hosttime.c.obj               78     0         0      
       cpy_util.asm.obj             64     0         0      
       div32s.asm.obj               64     0         0      
       copy_zero_init.c.obj         62     0         0      
       lsl32.asm.obj                62     0         0      
       copy_decompress_none.c.obj   60     0         0      
       mult32_f5hw.asm.obj          36     0         0      
       boot.c.obj                   28     2         0      
       mult16_f5hw.asm.obj          24     0         0      
       time.c.obj                   24     0         0      
       div16u.asm.obj               22     0         0      
       guard.c.obj                  20     0         0      
       memcpy.c.obj                 18     0         0      
       strlen.c.obj                 14     0         0      
       _lock.c.obj                  2      0         8      
       hostopen.c.obj               0      0         8      
       exit.c.obj                   6      0         0      
       pre_init.c.obj               4      0         0      
       startup.c.obj                2      0         0      
    +--+----------------------------+------+---------+---------+
       Total:                       1112   2         304    
                                                            
       Stack:                       0      0         160    
       Linker Generated:            0      106       0      
    +--+----------------------------+------+---------+---------+
       Grand Total:                 2476   133       616    


LINKER GENERATED COPY TABLES

__TI_cinit_table @ 00000e8a records: 2, size/record: 8, table size: 16
	.data: load addr=00000e30, load size=00000048 bytes, run addr=00000bac, run size=00000092 bytes, compression=lzss
	.bss: load addr=00000e84, load size=00000006 bytes, run addr=00000c58, run size=00000016 bytes, compression=zero_init


LINKER GENERATED HANDLER TABLE

__TI_handler_table @ 00000e78 records: 3, size/record: 4, table size: 12
	index: 0, handler: __TI_decompress_lzss
	index: 1, handler: __TI_decompress_none
	index: 2, handler: __TI_zero_init


GLOBAL SYMBOLS: SORTED ALPHABETICALLY BY Name 

address   name                                   
-------   ----                                   
00000b9e  C$$EXIT                                
000009f2  C$$IO$$                                
0000071c  HOSTtime                               
UNDEFED   P1IES                                  
UNDEFED   P1OUT                                  
UNDEFED   P1REN                                  
UNDEFED   P1SEL0                                 
UNDEFED   P1SEL1                                 
UNDEFED   P2IE                                   
UNDEFED   P2IES                                  
UNDEFED   P2IFG                                  
UNDEFED   P2OUT                                  
UNDEFED   P2REN                                  
UNDEFED   PM5CTL0                                
UNDEFED   TB0CCR0                                
UNDEFED   TB0CCTL0                               
UNDEFED   TB0CTL                                 
00000c6c  TXBUF                                  
UNDEFED   UCB0BRW                                
UNDEFED   UCB0CTLW0                              
UNDEFED   UCB0CTLW1                              
UNDEFED   UCB0I2CSA                              
UNDEFED   UCB0IE                                 
UNDEFED   UCB0TBCNT                              
UNDEFED   WDTCTL                                 
00000c6e  _CIOBUF_                               
000008a2  _Z10setupPortsv                        
00000b4c  _Z10setupTimerv                        
00000ac0  _Z10write4bitsi                        
0000090a  _Z11pulseEnablei                       
000004ca  _Z12LCD_WriteNumj                      
0000099a  _Z13LCD_SetCursorii                    
000008d8  _Z14LCD_CreateChariPc                  
00000ad8  _Z16LCD_ClearDisplayv                  
00000b20  _Z18LCD_ShowCustomChariii              
00000aa6  _Z5delayj                              
000005b2  _Z7NumRandv                            
000006ca  _Z8I2C_Initi                           
00000b8e  _Z8I2C_Sendi                           
00000a6c  _Z8LCD_Sendii                          
0000093a  _Z8fixedNumii                          
0000096a  _Z8setupLCDv                           
0000040c  _Z9LCD_Setupv                          
00000a22  _Z9LCD_WritePc                         
00000e30  __STACK_END                            
000000a0  __STACK_SIZE                           
00000e8a  __TI_CINIT_Base                        
00000e9a  __TI_CINIT_Limit                       
00000e9a  __TI_CINIT_Warm                        
00000e78  __TI_Handler_Table_Base                
00000e84  __TI_Handler_Table_Limit               
00000548  __TI_auto_init_nobinit_nopinit_hold_wdt
0000031e  __TI_decompress_lzss                   
00000866  __TI_decompress_none                   
ffffffff  __TI_pprof_out_hndl                    
ffffffff  __TI_prof_data_size                    
ffffffff  __TI_prof_data_start                   
000009f6  __TI_readmsg                           
000009c8  __TI_writemsg                          
000007ea  __TI_zero_init_nomemset                
ffffffff  __c_args__                             
00000b72  __cxa_guard_acquire                    
00000b98  __cxa_guard_release                    
0000076a  __memcpy_far                           
000007aa  __mspabi_divli                         
00000b36  __mspabi_divu                          
00000672  __mspabi_divul                         
00000b08  __mspabi_mpyi_f5hw                     
00000a48  __mspabi_mpyl_f5hw                     
000007aa  __mspabi_remli                         
00000b36  __mspabi_remu                          
00000672  __mspabi_remul                         
00000860  __mspabi_slll_1                        
0000083c  __mspabi_slll_10                       
00000838  __mspabi_slll_11                       
00000834  __mspabi_slll_12                       
00000830  __mspabi_slll_13                       
0000082c  __mspabi_slll_14                       
00000828  __mspabi_slll_15                       
0000085c  __mspabi_slll_2                        
00000858  __mspabi_slll_3                        
00000854  __mspabi_slll_4                        
00000850  __mspabi_slll_5                        
0000084c  __mspabi_slll_6                        
00000848  __mspabi_slll_7                        
00000844  __mspabi_slll_8                        
00000840  __mspabi_slll_9                        
00000af0  __time32                               
00000a8a  _c_int00_noargs                        
00000c36  _lock                                  
00000ba8  _nop                                   
0000fffe  _reset_vector                          
00000d90  _stack                                 
00000baa  _system_post_cinit                     
00000ba4  _system_pre_init                       
00000c3a  _unlock                                
00000b9e  abort                                  
00000c30  debounceTimer                          
00000c34  flashing                               
00000200  main                                   
00000b60  memcpy                                 
00000c2c  monsterCount                           
00000bac  monsterTemplates                       
00000bec  monsters                               
00000c64  parmbuf                                
00000612  rand                                   
00000c2e  selectIndex                            
00000b80  strlen                                 
00000c32  tick                                   
00000af0  time                                   


GLOBAL SYMBOLS: SORTED BY Symbol Address 

address   name                                   
-------   ----                                   
000000a0  __STACK_SIZE                           
00000200  main                                   
0000031e  __TI_decompress_lzss                   
0000040c  _Z9LCD_Setupv                          
000004ca  _Z12LCD_WriteNumj                      
00000548  __TI_auto_init_nobinit_nopinit_hold_wdt
000005b2  _Z7NumRandv                            
00000612  rand                                   
00000672  __mspabi_divul                         
00000672  __mspabi_remul                         
000006ca  _Z8I2C_Initi                           
0000071c  HOSTtime                               
0000076a  __memcpy_far                           
000007aa  __mspabi_divli                         
000007aa  __mspabi_remli                         
000007ea  __TI_zero_init_nomemset                
00000828  __mspabi_slll_15                       
0000082c  __mspabi_slll_14                       
00000830  __mspabi_slll_13                       
00000834  __mspabi_slll_12                       
00000838  __mspabi_slll_11                       
0000083c  __mspabi_slll_10                       
00000840  __mspabi_slll_9                        
00000844  __mspabi_slll_8                        
00000848  __mspabi_slll_7                        
0000084c  __mspabi_slll_6                        
00000850  __mspabi_slll_5                        
00000854  __mspabi_slll_4                        
00000858  __mspabi_slll_3                        
0000085c  __mspabi_slll_2                        
00000860  __mspabi_slll_1                        
00000866  __TI_decompress_none                   
000008a2  _Z10setupPortsv                        
000008d8  _Z14LCD_CreateChariPc                  
0000090a  _Z11pulseEnablei                       
0000093a  _Z8fixedNumii                          
0000096a  _Z8setupLCDv                           
0000099a  _Z13LCD_SetCursorii                    
000009c8  __TI_writemsg                          
000009f2  C$$IO$$                                
000009f6  __TI_readmsg                           
00000a22  _Z9LCD_WritePc                         
00000a48  __mspabi_mpyl_f5hw                     
00000a6c  _Z8LCD_Sendii                          
00000a8a  _c_int00_noargs                        
00000aa6  _Z5delayj                              
00000ac0  _Z10write4bitsi                        
00000ad8  _Z16LCD_ClearDisplayv                  
00000af0  __time32                               
00000af0  time                                   
00000b08  __mspabi_mpyi_f5hw                     
00000b20  _Z18LCD_ShowCustomChariii              
00000b36  __mspabi_divu                          
00000b36  __mspabi_remu                          
00000b4c  _Z10setupTimerv                        
00000b60  memcpy                                 
00000b72  __cxa_guard_acquire                    
00000b80  strlen                                 
00000b8e  _Z8I2C_Sendi                           
00000b98  __cxa_guard_release                    
00000b9e  C$$EXIT                                
00000b9e  abort                                  
00000ba4  _system_pre_init                       
00000ba8  _nop                                   
00000baa  _system_post_cinit                     
00000bac  monsterTemplates                       
00000bec  monsters                               
00000c2c  monsterCount                           
00000c2e  selectIndex                            
00000c30  debounceTimer                          
00000c32  tick                                   
00000c34  flashing                               
00000c36  _lock                                  
00000c3a  _unlock                                
00000c64  parmbuf                                
00000c6c  TXBUF                                  
00000c6e  _CIOBUF_                               
00000d90  _stack                                 
00000e30  __STACK_END                            
00000e78  __TI_Handler_Table_Base                
00000e84  __TI_Handler_Table_Limit               
00000e8a  __TI_CINIT_Base                        
00000e9a  __TI_CINIT_Limit                       
00000e9a  __TI_CINIT_Warm                        
0000fffe  _reset_vector                          
ffffffff  __TI_pprof_out_hndl                    
ffffffff  __TI_prof_data_size                    
ffffffff  __TI_prof_data_start                   
ffffffff  __c_args__                             
UNDEFED   P1IES                                  
UNDEFED   P1OUT                                  
UNDEFED   P1REN                                  
UNDEFED   P1SEL0                                 
UNDEFED   P1SEL1                                 
UNDEFED   P2IE                                   
UNDEFED   P2IES                                  
UNDEFED   P2IFG                                  
UNDEFED   P2OUT                                  
UNDEFED   P2REN                                  
UNDEFED   PM5CTL0                                
UNDEFED   TB0CCR0                                
UNDEFED   TB0CCTL0                               
UNDEFED   TB0CTL                                 
UNDEFED   UCB0BRW                                
UNDEFED   UCB0CTLW0                              
UNDEFED   UCB0CTLW1                              
UNDEFED   UCB0I2CSA                              
UNDEFED   UCB0IE                                 
UNDEFED   UCB0TBCNT                              
UNDEFED   WDTCTL                                 

[110 symbols]
