<?xml version="1.0" encoding="ISO-8859-1" ?>
<link_info>
   <banner>MSP430 Linker PC v21.6.1.LTS</banner>
   <copyright>Copyright (c) 2003-2018 Texas Instruments Incorporated</copyright>
   <link_time>0x6659bb2b</link_time>
   <link_errors>0x0</link_errors>
   <output_file>mylcd.out</output_file>
   <entry_point>
      <name>_c_int00_noargs_mpu</name>
      <address>0x8f3a</address>
   </entry_point>
   <input_file_list>
      <input_file id="fl-2">
         <path>.\</path>
         <kind>object</kind>
         <file>LiquidCrystal_I2C.obj</file>
         <name>LiquidCrystal_I2C.obj</name>
      </input_file>
      <input_file id="fl-3">
         <path>.\</path>
         <kind>object</kind>
         <file>main.obj</file>
         <name>main.obj</name>
      </input_file>
      <input_file id="fl-9">
         <kind>object</kind>
         <file>&lt;internal&gt;</file>
         <name>&lt;internal&gt;</name>
      </input_file>
      <input_file id="fl-24">
         <path>C:\Users\iach\AppData\Local\ccs\tools\compiler\ti-cgt-msp430_21.6.1.LTS\lib\</path>
         <kind>archive</kind>
         <file>rts430x_lc_sd_eabi.lib</file>
         <name>copy_decompress_lzss.c.obj</name>
      </input_file>
      <input_file id="fl-25">
         <path>C:\Users\iach\AppData\Local\ccs\tools\compiler\ti-cgt-msp430_21.6.1.LTS\lib\</path>
         <kind>archive</kind>
         <file>rts430x_lc_sd_eabi.lib</file>
         <name>copy_decompress_none.c.obj</name>
      </input_file>
      <input_file id="fl-26">
         <path>C:\Users\iach\AppData\Local\ccs\tools\compiler\ti-cgt-msp430_21.6.1.LTS\lib\</path>
         <kind>archive</kind>
         <file>rts430x_lc_sd_eabi.lib</file>
         <name>int22.asm.obj</name>
      </input_file>
      <input_file id="fl-27">
         <path>C:\Users\iach\AppData\Local\ccs\tools\compiler\ti-cgt-msp430_21.6.1.LTS\lib\</path>
         <kind>archive</kind>
         <file>rts430x_lc_sd_eabi.lib</file>
         <name>isr_trap.asm.obj</name>
      </input_file>
      <input_file id="fl-28">
         <path>C:\Users\iach\AppData\Local\ccs\tools\compiler\ti-cgt-msp430_21.6.1.LTS\lib\</path>
         <kind>archive</kind>
         <file>rts430x_lc_sd_eabi.lib</file>
         <name>int23.asm.obj</name>
      </input_file>
      <input_file id="fl-29">
         <path>C:\Users\iach\AppData\Local\ccs\tools\compiler\ti-cgt-msp430_21.6.1.LTS\lib\</path>
         <kind>archive</kind>
         <file>rts430x_lc_sd_eabi.lib</file>
         <name>int25.asm.obj</name>
      </input_file>
      <input_file id="fl-2a">
         <path>C:\Users\iach\AppData\Local\ccs\tools\compiler\ti-cgt-msp430_21.6.1.LTS\lib\</path>
         <kind>archive</kind>
         <file>rts430x_lc_sd_eabi.lib</file>
         <name>int26.asm.obj</name>
      </input_file>
      <input_file id="fl-2b">
         <path>C:\Users\iach\AppData\Local\ccs\tools\compiler\ti-cgt-msp430_21.6.1.LTS\lib\</path>
         <kind>archive</kind>
         <file>rts430x_lc_sd_eabi.lib</file>
         <name>int27.asm.obj</name>
      </input_file>
      <input_file id="fl-2c">
         <path>C:\Users\iach\AppData\Local\ccs\tools\compiler\ti-cgt-msp430_21.6.1.LTS\lib\</path>
         <kind>archive</kind>
         <file>rts430x_lc_sd_eabi.lib</file>
         <name>int28.asm.obj</name>
      </input_file>
      <input_file id="fl-2d">
         <path>C:\Users\iach\AppData\Local\ccs\tools\compiler\ti-cgt-msp430_21.6.1.LTS\lib\</path>
         <kind>archive</kind>
         <file>rts430x_lc_sd_eabi.lib</file>
         <name>int29.asm.obj</name>
      </input_file>
      <input_file id="fl-2e">
         <path>C:\Users\iach\AppData\Local\ccs\tools\compiler\ti-cgt-msp430_21.6.1.LTS\lib\</path>
         <kind>archive</kind>
         <file>rts430x_lc_sd_eabi.lib</file>
         <name>int30.asm.obj</name>
      </input_file>
      <input_file id="fl-2f">
         <path>C:\Users\iach\AppData\Local\ccs\tools\compiler\ti-cgt-msp430_21.6.1.LTS\lib\</path>
         <kind>archive</kind>
         <file>rts430x_lc_sd_eabi.lib</file>
         <name>int32.asm.obj</name>
      </input_file>
      <input_file id="fl-30">
         <path>C:\Users\iach\AppData\Local\ccs\tools\compiler\ti-cgt-msp430_21.6.1.LTS\lib\</path>
         <kind>archive</kind>
         <file>rts430x_lc_sd_eabi.lib</file>
         <name>int33.asm.obj</name>
      </input_file>
      <input_file id="fl-31">
         <path>C:\Users\iach\AppData\Local\ccs\tools\compiler\ti-cgt-msp430_21.6.1.LTS\lib\</path>
         <kind>archive</kind>
         <file>rts430x_lc_sd_eabi.lib</file>
         <name>int34.asm.obj</name>
      </input_file>
      <input_file id="fl-32">
         <path>C:\Users\iach\AppData\Local\ccs\tools\compiler\ti-cgt-msp430_21.6.1.LTS\lib\</path>
         <kind>archive</kind>
         <file>rts430x_lc_sd_eabi.lib</file>
         <name>int35.asm.obj</name>
      </input_file>
      <input_file id="fl-33">
         <path>C:\Users\iach\AppData\Local\ccs\tools\compiler\ti-cgt-msp430_21.6.1.LTS\lib\</path>
         <kind>archive</kind>
         <file>rts430x_lc_sd_eabi.lib</file>
         <name>int36.asm.obj</name>
      </input_file>
      <input_file id="fl-34">
         <path>C:\Users\iach\AppData\Local\ccs\tools\compiler\ti-cgt-msp430_21.6.1.LTS\lib\</path>
         <kind>archive</kind>
         <file>rts430x_lc_sd_eabi.lib</file>
         <name>int37.asm.obj</name>
      </input_file>
      <input_file id="fl-35">
         <path>C:\Users\iach\AppData\Local\ccs\tools\compiler\ti-cgt-msp430_21.6.1.LTS\lib\</path>
         <kind>archive</kind>
         <file>rts430x_lc_sd_eabi.lib</file>
         <name>int38.asm.obj</name>
      </input_file>
      <input_file id="fl-36">
         <path>C:\Users\iach\AppData\Local\ccs\tools\compiler\ti-cgt-msp430_21.6.1.LTS\lib\</path>
         <kind>archive</kind>
         <file>rts430x_lc_sd_eabi.lib</file>
         <name>int39.asm.obj</name>
      </input_file>
      <input_file id="fl-37">
         <path>C:\Users\iach\AppData\Local\ccs\tools\compiler\ti-cgt-msp430_21.6.1.LTS\lib\</path>
         <kind>archive</kind>
         <file>rts430x_lc_sd_eabi.lib</file>
         <name>int40.asm.obj</name>
      </input_file>
      <input_file id="fl-38">
         <path>C:\Users\iach\AppData\Local\ccs\tools\compiler\ti-cgt-msp430_21.6.1.LTS\lib\</path>
         <kind>archive</kind>
         <file>rts430x_lc_sd_eabi.lib</file>
         <name>int41.asm.obj</name>
      </input_file>
      <input_file id="fl-39">
         <path>C:\Users\iach\AppData\Local\ccs\tools\compiler\ti-cgt-msp430_21.6.1.LTS\lib\</path>
         <kind>archive</kind>
         <file>rts430x_lc_sd_eabi.lib</file>
         <name>int42.asm.obj</name>
      </input_file>
      <input_file id="fl-3a">
         <path>C:\Users\iach\AppData\Local\ccs\tools\compiler\ti-cgt-msp430_21.6.1.LTS\lib\</path>
         <kind>archive</kind>
         <file>rts430x_lc_sd_eabi.lib</file>
         <name>int44.asm.obj</name>
      </input_file>
      <input_file id="fl-3b">
         <path>C:\Users\iach\AppData\Local\ccs\tools\compiler\ti-cgt-msp430_21.6.1.LTS\lib\</path>
         <kind>archive</kind>
         <file>rts430x_lc_sd_eabi.lib</file>
         <name>int45.asm.obj</name>
      </input_file>
      <input_file id="fl-3c">
         <path>C:\Users\iach\AppData\Local\ccs\tools\compiler\ti-cgt-msp430_21.6.1.LTS\lib\</path>
         <kind>archive</kind>
         <file>rts430x_lc_sd_eabi.lib</file>
         <name>copy_zero_init.c.obj</name>
      </input_file>
      <input_file id="fl-3d">
         <path>C:\Users\iach\AppData\Local\ccs\tools\compiler\ti-cgt-msp430_21.6.1.LTS\lib\</path>
         <kind>archive</kind>
         <file>rts430x_lc_sd_eabi.lib</file>
         <name>guard.c.obj</name>
      </input_file>
      <input_file id="fl-3e">
         <path>C:\Users\iach\AppData\Local\ccs\tools\compiler\ti-cgt-msp430_21.6.1.LTS\lib\</path>
         <kind>archive</kind>
         <file>rts430x_lc_sd_eabi.lib</file>
         <name>cpy_util.asm.obj</name>
      </input_file>
      <input_file id="fl-3f">
         <path>C:\Users\iach\AppData\Local\ccs\tools\compiler\ti-cgt-msp430_21.6.1.LTS\lib\</path>
         <kind>archive</kind>
         <file>rts430x_lc_sd_eabi.lib</file>
         <name>div16u.asm.obj</name>
      </input_file>
      <input_file id="fl-40">
         <path>C:\Users\iach\AppData\Local\ccs\tools\compiler\ti-cgt-msp430_21.6.1.LTS\lib\</path>
         <kind>archive</kind>
         <file>rts430x_lc_sd_eabi.lib</file>
         <name>mult16.asm.obj</name>
      </input_file>
      <input_file id="fl-41">
         <path>C:\Users\iach\AppData\Local\ccs\tools\compiler\ti-cgt-msp430_21.6.1.LTS\lib\</path>
         <kind>archive</kind>
         <file>rts430x_lc_sd_eabi.lib</file>
         <name>mult16_f5hw.asm.obj</name>
      </input_file>
      <input_file id="fl-42">
         <path>C:\Users\iach\AppData\Local\ccs\tools\compiler\ti-cgt-msp430_21.6.1.LTS\lib\</path>
         <kind>archive</kind>
         <file>rts430x_lc_sd_eabi.lib</file>
         <name>mult32.asm.obj</name>
      </input_file>
      <input_file id="fl-43">
         <path>C:\Users\iach\AppData\Local\ccs\tools\compiler\ti-cgt-msp430_21.6.1.LTS\lib\</path>
         <kind>archive</kind>
         <file>rts430x_lc_sd_eabi.lib</file>
         <name>mult32_f5hw.asm.obj</name>
      </input_file>
      <input_file id="fl-44">
         <path>C:\Users\iach\AppData\Local\ccs\tools\compiler\ti-cgt-msp430_21.6.1.LTS\lib\</path>
         <kind>archive</kind>
         <file>rts430x_lc_sd_eabi.lib</file>
         <name>mult64_f5hw.asm.obj</name>
      </input_file>
      <input_file id="fl-45">
         <path>C:\Users\iach\AppData\Local\ccs\tools\compiler\ti-cgt-msp430_21.6.1.LTS\lib\</path>
         <kind>archive</kind>
         <file>rts430x_lc_sd_eabi.lib</file>
         <name>mult1632_f5hw.asm.obj</name>
      </input_file>
      <input_file id="fl-46">
         <path>C:\Users\iach\AppData\Local\ccs\tools\compiler\ti-cgt-msp430_21.6.1.LTS\lib\</path>
         <kind>archive</kind>
         <file>rts430x_lc_sd_eabi.lib</file>
         <name>mult3264_f5hw.asm.obj</name>
      </input_file>
      <input_file id="fl-47">
         <path>C:\Users\iach\AppData\Local\ccs\tools\compiler\ti-cgt-msp430_21.6.1.LTS\lib\</path>
         <kind>archive</kind>
         <file>rts430x_lc_sd_eabi.lib</file>
         <name>div32s.asm.obj</name>
      </input_file>
      <input_file id="fl-48">
         <path>C:\Users\iach\AppData\Local\ccs\tools\compiler\ti-cgt-msp430_21.6.1.LTS\lib\</path>
         <kind>archive</kind>
         <file>rts430x_lc_sd_eabi.lib</file>
         <name>div32u.asm.obj</name>
      </input_file>
      <input_file id="fl-49">
         <path>C:\Users\iach\AppData\Local\ccs\tools\compiler\ti-cgt-msp430_21.6.1.LTS\lib\</path>
         <kind>archive</kind>
         <file>rts430x_lc_sd_eabi.lib</file>
         <name>boot.c.obj</name>
      </input_file>
      <input_file id="fl-4a">
         <path>C:\Users\iach\AppData\Local\ccs\ccs_base\msp430\lib\FR2xx\</path>
         <kind>archive</kind>
         <file>FRWP_INIT_LIB_CCS_msp430_large_code_small_data.lib</file>
         <name>frwp_init.obj</name>
      </input_file>
      <input_file id="fl-4b">
         <path>C:\Users\iach\AppData\Local\ccs\tools\compiler\ti-cgt-msp430_21.6.1.LTS\lib\</path>
         <kind>archive</kind>
         <file>rts430x_lc_sd_eabi.lib</file>
         <name>args_main.c.obj</name>
      </input_file>
      <input_file id="fl-4c">
         <path>C:\Users\iach\AppData\Local\ccs\tools\compiler\ti-cgt-msp430_21.6.1.LTS\lib\</path>
         <kind>archive</kind>
         <file>rts430x_lc_sd_eabi.lib</file>
         <name>autoinit.c.obj</name>
      </input_file>
      <input_file id="fl-4d">
         <path>C:\Users\iach\AppData\Local\ccs\tools\compiler\ti-cgt-msp430_21.6.1.LTS\lib\</path>
         <kind>archive</kind>
         <file>rts430x_lc_sd_eabi.lib</file>
         <name>startup.c.obj</name>
      </input_file>
      <input_file id="fl-4e">
         <path>C:\Users\iach\AppData\Local\ccs\tools\compiler\ti-cgt-msp430_21.6.1.LTS\lib\</path>
         <kind>archive</kind>
         <file>rts430x_lc_sd_eabi.lib</file>
         <name>pre_init.c.obj</name>
      </input_file>
      <input_file id="fl-4f">
         <path>C:\Users\iach\AppData\Local\ccs\tools\compiler\ti-cgt-msp430_21.6.1.LTS\lib\</path>
         <kind>archive</kind>
         <file>rts430x_lc_sd_eabi.lib</file>
         <name>cpy_tbl.c.obj</name>
      </input_file>
      <input_file id="fl-50">
         <path>C:\Users\iach\AppData\Local\ccs\tools\compiler\ti-cgt-msp430_21.6.1.LTS\lib\</path>
         <kind>archive</kind>
         <file>rts430x_lc_sd_eabi.lib</file>
         <name>exit.c.obj</name>
      </input_file>
      <input_file id="fl-51">
         <path>C:\Users\iach\AppData\Local\ccs\tools\compiler\ti-cgt-msp430_21.6.1.LTS\lib\</path>
         <kind>archive</kind>
         <file>rts430x_lc_sd_eabi.lib</file>
         <name>exit_gvars.c.obj</name>
      </input_file>
      <input_file id="fl-52">
         <path>C:\Users\iach\AppData\Local\ccs\tools\compiler\ti-cgt-msp430_21.6.1.LTS\lib\</path>
         <kind>archive</kind>
         <file>rts430x_lc_sd_eabi.lib</file>
         <name>_lock.c.obj</name>
      </input_file>
      <input_file id="fl-53">
         <path>C:\Users\iach\AppData\Local\ccs\tools\compiler\ti-cgt-msp430_21.6.1.LTS\lib\</path>
         <kind>archive</kind>
         <file>rts430x_lc_sd_eabi.lib</file>
         <name>memcpy.c.obj</name>
      </input_file>
      <input_file id="fl-54">
         <path>C:\Users\iach\AppData\Local\ccs\tools\compiler\ti-cgt-msp430_21.6.1.LTS\lib\</path>
         <kind>archive</kind>
         <file>rts430x_lc_sd_eabi.lib</file>
         <name>strlen.c.obj</name>
      </input_file>
      <input_file id="fl-55">
         <path>C:\Users\iach\AppData\Local\ccs\tools\compiler\ti-cgt-msp430_21.6.1.LTS\lib\</path>
         <kind>archive</kind>
         <file>rts430x_lc_sd_eabi.lib</file>
         <name>time.c.obj</name>
      </input_file>
      <input_file id="fl-56">
         <path>C:\Users\iach\AppData\Local\ccs\tools\compiler\ti-cgt-msp430_21.6.1.LTS\lib\</path>
         <kind>archive</kind>
         <file>rts430x_lc_sd_eabi.lib</file>
         <name>hosttime.c.obj</name>
      </input_file>
      <input_file id="fl-57">
         <path>C:\Users\iach\AppData\Local\ccs\tools\compiler\ti-cgt-msp430_21.6.1.LTS\lib\</path>
         <kind>archive</kind>
         <file>rts430x_lc_sd_eabi.lib</file>
         <name>trgmsg.c.obj</name>
      </input_file>
      <input_file id="fl-58">
         <path>C:\Users\iach\AppData\Local\ccs\tools\compiler\ti-cgt-msp430_21.6.1.LTS\lib\</path>
         <kind>archive</kind>
         <file>rts430x_lc_sd_eabi.lib</file>
         <name>lsl32.asm.obj</name>
      </input_file>
      <input_file id="fl-59">
         <path>C:\Users\iach\AppData\Local\ccs\tools\compiler\ti-cgt-msp430_21.6.1.LTS\lib\</path>
         <kind>archive</kind>
         <file>rts430x_lc_sd_eabi.lib</file>
         <name>hostopen.c.obj</name>
      </input_file>
   </input_file_list>
   <object_component_list>
      <object_component id="oc-74a">
         <name>.cio</name>
         <load_address>0x8000</load_address>
         <run_address>0x8000</run_address>
         <size>0x120</size>
         <input_file_ref idref="fl-57"/>
      </object_component>
      <object_component id="oc-7bd">
         <name>.cinit..data.load</name>
         <load_address>0x8400</load_address>
         <run_address>0x8400</run_address>
         <size>0x88</size>
      </object_component>
      <object_component id="oc-7ba">
         <name>__TI_handler_table</name>
         <load_address>0x848a</load_address>
         <run_address>0x848a</run_address>
         <size>0xc</size>
      </object_component>
      <object_component id="oc-7bc">
         <name>.cinit..bss.load</name>
         <load_address>0x8496</load_address>
         <run_address>0x8496</run_address>
         <size>0x6</size>
      </object_component>
      <object_component id="oc-7bb">
         <name>__TI_cinit_table</name>
         <load_address>0x849c</load_address>
         <run_address>0x849c</run_address>
         <size>0x10</size>
      </object_component>
      <object_component id="oc-75a">
         <name>.binit</name>
         <load_address>0x84ac</load_address>
         <run_address>0x84ac</run_address>
         <size>0x0</size>
      </object_component>
      <object_component id="oc-63f">
         <name>.const:$P$T0$1</name>
         <load_address>0x84ac</load_address>
         <run_address>0x84ac</run_address>
         <size>0x8</size>
         <input_file_ref idref="fl-2"/>
      </object_component>
      <object_component id="oc-505">
         <name>.const:$P$T1$2</name>
         <load_address>0x84b4</load_address>
         <run_address>0x84b4</run_address>
         <size>0x8</size>
         <input_file_ref idref="fl-2"/>
      </object_component>
      <object_component id="oc-525">
         <name>.const:.string:$P$T2$5</name>
         <load_address>0x84bc</load_address>
         <run_address>0x84bc</run_address>
         <size>0x2</size>
         <input_file_ref idref="fl-3"/>
      </object_component>
      <object_component id="oc-66">
         <name>.text:decompress:lzss:__TI_decompress_lzss</name>
         <load_address>0x84be</load_address>
         <run_address>0x84be</run_address>
         <size>0xee</size>
         <input_file_ref idref="fl-24"/>
      </object_component>
      <object_component id="oc-49e">
         <name>.text:_Z9LCD_Setupv</name>
         <load_address>0x85ac</load_address>
         <run_address>0x85ac</run_address>
         <size>0xbe</size>
         <input_file_ref idref="fl-2"/>
      </object_component>
      <object_component id="oc-4d8">
         <name>.text:main</name>
         <load_address>0x866a</load_address>
         <run_address>0x866a</run_address>
         <size>0x84</size>
         <input_file_ref idref="fl-3"/>
      </object_component>
      <object_component id="oc-556">
         <name>.text:_Z12LCD_WriteNumj</name>
         <load_address>0x86ee</load_address>
         <run_address>0x86ee</run_address>
         <size>0x7e</size>
         <input_file_ref idref="fl-2"/>
      </object_component>
      <object_component id="oc-4b3">
         <name>.text:_Z24removeMonsterAtSelectionv</name>
         <load_address>0x876c</load_address>
         <run_address>0x876c</run_address>
         <size>0x74</size>
         <input_file_ref idref="fl-3"/>
      </object_component>
      <object_component id="oc-581">
         <name>.text:__TI_auto_init_nobinit_nopinit_hold_wdt:__TI_auto_init_nobinit_nopinit_hold_wdt</name>
         <load_address>0x87e0</load_address>
         <run_address>0x87e0</run_address>
         <size>0x6a</size>
         <input_file_ref idref="fl-4c"/>
      </object_component>
      <object_component id="oc-52f">
         <name>.text:_Z7NumRandv</name>
         <load_address>0x884a</load_address>
         <run_address>0x884a</run_address>
         <size>0x60</size>
         <input_file_ref idref="fl-3"/>
      </object_component>
      <object_component id="oc-6e3">
         <name>.text</name>
         <load_address>0x88aa</load_address>
         <run_address>0x88aa</run_address>
         <size>0x58</size>
         <input_file_ref idref="fl-48"/>
      </object_component>
      <object_component id="oc-4b9">
         <name>.text:_Z10addElementv</name>
         <load_address>0x8902</load_address>
         <run_address>0x8902</run_address>
         <size>0x54</size>
         <input_file_ref idref="fl-3"/>
      </object_component>
      <object_component id="oc-4a4">
         <name>.text:_Z8I2C_Initi</name>
         <load_address>0x8956</load_address>
         <run_address>0x8956</run_address>
         <size>0x52</size>
         <input_file_ref idref="fl-2"/>
      </object_component>
      <object_component id="oc-6d4">
         <name>.text:HOSTtime</name>
         <load_address>0x89a8</load_address>
         <run_address>0x89a8</run_address>
         <size>0x4e</size>
         <input_file_ref idref="fl-56"/>
      </object_component>
      <object_component id="oc-42b">
         <name>.text:__memcpy_far</name>
         <load_address>0x89f6</load_address>
         <run_address>0x89f6</run_address>
         <size>0x40</size>
         <input_file_ref idref="fl-3e"/>
      </object_component>
      <object_component id="oc-66f">
         <name>.text</name>
         <load_address>0x8a36</load_address>
         <run_address>0x8a36</run_address>
         <size>0x40</size>
         <input_file_ref idref="fl-47"/>
      </object_component>
      <object_component id="oc-44e">
         <name>.text:decompress:ZI:__TI_zero_init_nomemset:__TI_zero_init_nomemset</name>
         <load_address>0x8a76</load_address>
         <run_address>0x8a76</run_address>
         <size>0x3e</size>
         <input_file_ref idref="fl-3c"/>
      </object_component>
      <object_component id="oc-727">
         <name>.text:l_lsl_const</name>
         <load_address>0x8ab4</load_address>
         <run_address>0x8ab4</run_address>
         <size>0x3e</size>
         <input_file_ref idref="fl-58"/>
      </object_component>
      <object_component id="oc-4ea">
         <name>.text:__mpu_init</name>
         <load_address>0x8af2</load_address>
         <run_address>0x8af2</run_address>
         <size>0x3c</size>
         <input_file_ref idref="fl-4a"/>
      </object_component>
      <object_component id="oc-6c">
         <name>.text:decompress:none:__TI_decompress_none</name>
         <load_address>0x8b2e</load_address>
         <run_address>0x8b2e</run_address>
         <size>0x3c</size>
         <input_file_ref idref="fl-25"/>
      </object_component>
      <object_component id="oc-544">
         <name>.text:_Z10setupPortsv</name>
         <load_address>0x8b6a</load_address>
         <run_address>0x8b6a</run_address>
         <size>0x36</size>
         <input_file_ref idref="fl-3"/>
      </object_component>
      <object_component id="oc-67a">
         <name>.text:_Z14LCD_CreateChariPc</name>
         <load_address>0x8ba0</load_address>
         <run_address>0x8ba0</run_address>
         <size>0x32</size>
         <input_file_ref idref="fl-2"/>
      </object_component>
      <object_component id="oc-638">
         <name>.text:_Z11pulseEnablei</name>
         <load_address>0x8bd2</load_address>
         <run_address>0x8bd2</run_address>
         <size>0x30</size>
         <input_file_ref idref="fl-2"/>
      </object_component>
      <object_component id="oc-550">
         <name>.text:_Z8setupLCDv</name>
         <load_address>0x8c02</load_address>
         <run_address>0x8c02</run_address>
         <size>0x30</size>
         <input_file_ref idref="fl-3"/>
      </object_component>
      <object_component id="oc-512">
         <name>.text:_Z13LCD_SetCursorii</name>
         <load_address>0x8c32</load_address>
         <run_address>0x8c32</run_address>
         <size>0x2e</size>
         <input_file_ref idref="fl-2"/>
      </object_component>
      <object_component id="oc-71b">
         <name>.text:__TI_writemsg</name>
         <load_address>0x8c60</load_address>
         <run_address>0x8c60</run_address>
         <size>0x2e</size>
         <input_file_ref idref="fl-57"/>
      </object_component>
      <object_component id="oc-721">
         <name>.text:__TI_readmsg</name>
         <load_address>0x8c8e</load_address>
         <run_address>0x8c8e</run_address>
         <size>0x2c</size>
         <input_file_ref idref="fl-57"/>
      </object_component>
      <object_component id="oc-51f">
         <name>.text:_Z18displayAllMonstersv</name>
         <load_address>0x8cba</load_address>
         <run_address>0x8cba</run_address>
         <size>0x28</size>
         <input_file_ref idref="fl-3"/>
      </object_component>
      <object_component id="oc-528">
         <name>.text:_Z9LCD_WritePc</name>
         <load_address>0x8ce2</load_address>
         <run_address>0x8ce2</run_address>
         <size>0x26</size>
         <input_file_ref idref="fl-2"/>
      </object_component>
      <object_component id="oc-66a">
         <name>.text</name>
         <load_address>0x8d08</load_address>
         <run_address>0x8d08</run_address>
         <size>0x24</size>
         <input_file_ref idref="fl-43"/>
      </object_component>
      <object_component id="oc-4fe">
         <name>.text:_Z8LCD_Sendii</name>
         <load_address>0x8d2c</load_address>
         <run_address>0x8d2c</run_address>
         <size>0x1e</size>
         <input_file_ref idref="fl-2"/>
      </object_component>
      <object_component id="oc-508">
         <name>.text:_Z10write4bitsi</name>
         <load_address>0x8d4a</load_address>
         <run_address>0x8d4a</run_address>
         <size>0x18</size>
         <input_file_ref idref="fl-2"/>
      </object_component>
      <object_component id="oc-498">
         <name>.text:_Z16LCD_ClearDisplayv</name>
         <load_address>0x8d62</load_address>
         <run_address>0x8d62</run_address>
         <size>0x18</size>
         <input_file_ref idref="fl-2"/>
      </object_component>
      <object_component id="oc-65e">
         <name>.text:__time32</name>
         <load_address>0x8d7a</load_address>
         <run_address>0x8d7a</run_address>
         <size>0x18</size>
         <input_file_ref idref="fl-55"/>
      </object_component>
      <object_component id="oc-681">
         <name>.text</name>
         <load_address>0x8d92</load_address>
         <run_address>0x8d92</run_address>
         <size>0x18</size>
         <input_file_ref idref="fl-41"/>
      </object_component>
      <object_component id="oc-4ad">
         <name>.text:_Z18LCD_ShowCustomChariii</name>
         <load_address>0x8daa</load_address>
         <run_address>0x8daa</run_address>
         <size>0x16</size>
         <input_file_ref idref="fl-2"/>
      </object_component>
      <object_component id="oc-4bf">
         <name>.text</name>
         <load_address>0x8dc0</load_address>
         <run_address>0x8dc0</run_address>
         <size>0x16</size>
         <input_file_ref idref="fl-3f"/>
      </object_component>
      <object_component id="oc-54a">
         <name>.text:_Z10setupTimerv</name>
         <load_address>0x8dd6</load_address>
         <run_address>0x8dd6</run_address>
         <size>0x14</size>
         <input_file_ref idref="fl-3"/>
      </object_component>
      <object_component id="oc-519">
         <name>.text:memcpy</name>
         <load_address>0x8dea</load_address>
         <run_address>0x8dea</run_address>
         <size>0x12</size>
         <input_file_ref idref="fl-53"/>
      </object_component>
      <object_component id="oc-658">
         <name>.text:__cxa_guard_acquire</name>
         <load_address>0x8dfc</load_address>
         <run_address>0x8dfc</run_address>
         <size>0xe</size>
         <input_file_ref idref="fl-3d"/>
      </object_component>
      <object_component id="oc-64d">
         <name>.text:strlen</name>
         <load_address>0x8e0a</load_address>
         <run_address>0x8e0a</run_address>
         <size>0xe</size>
         <input_file_ref idref="fl-54"/>
      </object_component>
      <object_component id="oc-632">
         <name>.text:_Z8I2C_Sendi</name>
         <load_address>0x8e18</load_address>
         <run_address>0x8e18</run_address>
         <size>0xa</size>
         <input_file_ref idref="fl-2"/>
      </object_component>
      <object_component id="oc-664">
         <name>.text:__cxa_guard_release</name>
         <load_address>0x8e22</load_address>
         <run_address>0x8e22</run_address>
         <size>0x6</size>
         <input_file_ref idref="fl-3d"/>
      </object_component>
      <object_component id="oc-55d">
         <name>.text:abort</name>
         <load_address>0x8e28</load_address>
         <run_address>0x8e28</run_address>
         <size>0x6</size>
         <input_file_ref idref="fl-50"/>
      </object_component>
      <object_component id="oc-4d2">
         <name>.text:_system_pre_init</name>
         <load_address>0x8e2e</load_address>
         <run_address>0x8e2e</run_address>
         <size>0x4</size>
         <input_file_ref idref="fl-4e"/>
      </object_component>
      <object_component id="oc-6ef">
         <name>.text:_nop</name>
         <load_address>0x8e32</load_address>
         <run_address>0x8e32</run_address>
         <size>0x2</size>
         <input_file_ref idref="fl-52"/>
      </object_component>
      <object_component id="oc-699">
         <name>.text:_system_post_cinit</name>
         <load_address>0x8e34</load_address>
         <run_address>0x8e34</run_address>
         <size>0x2</size>
         <input_file_ref idref="fl-4d"/>
      </object_component>
      <object_component id="oc-43c">
         <name>.text:_isr:_Z6Port_2v</name>
         <load_address>0x8e36</load_address>
         <run_address>0x8e36</run_address>
         <size>0x104</size>
         <input_file_ref idref="fl-3"/>
      </object_component>
      <object_component id="oc-478">
         <name>.text:_isr:_c_int00_noargs_mpu</name>
         <load_address>0x8f3a</load_address>
         <run_address>0x8f3a</run_address>
         <size>0x20</size>
         <input_file_ref idref="fl-49"/>
      </object_component>
      <object_component id="oc-448">
         <name>.text:_isr:_Z7Timer_Bv</name>
         <load_address>0x8f5a</load_address>
         <run_address>0x8f5a</run_address>
         <size>0x10</size>
         <input_file_ref idref="fl-3"/>
      </object_component>
      <object_component id="oc-442">
         <name>.text:_isr:_Z16EUSCI_B0_I2C_ISRv</name>
         <load_address>0x8f6a</load_address>
         <run_address>0x8f6a</run_address>
         <size>0x8</size>
         <input_file_ref idref="fl-2"/>
      </object_component>
      <object_component id="oc-437">
         <name>.text:_isr:__TI_ISR_TRAP</name>
         <load_address>0x8f72</load_address>
         <run_address>0x8f72</run_address>
         <size>0x8</size>
         <input_file_ref idref="fl-27"/>
      </object_component>
      <object_component id="oc-654">
         <name>.bss</name>
         <uninitialized>true</uninitialized>
         <run_address>0x2082</run_address>
         <size>0xc</size>
         <input_file_ref idref="fl-3"/>
      </object_component>
      <object_component id="oc-4c5">
         <name>.common:TXBUF</name>
         <uninitialized>true</uninitialized>
         <run_address>0x2096</run_address>
         <size>0x2</size>
      </object_component>
      <object_component id="oc-718">
         <name>.common:parmbuf</name>
         <uninitialized>true</uninitialized>
         <run_address>0x208e</run_address>
         <size>0x8</size>
      </object_component>
      <object_component id="oc-677">
         <name>.data:monsterTemplates</name>
         <load_address>0x2000</load_address>
         <run_address>0x2000</run_address>
         <size>0x40</size>
         <input_file_ref idref="fl-3"/>
      </object_component>
      <object_component id="oc-4aa">
         <name>.data:monsters</name>
         <load_address>0x2040</load_address>
         <run_address>0x2040</run_address>
         <size>0x30</size>
         <input_file_ref idref="fl-3"/>
      </object_component>
      <object_component id="oc-495">
         <name>.data</name>
         <load_address>0x2070</load_address>
         <run_address>0x2070</run_address>
         <size>0xa</size>
         <input_file_ref idref="fl-3"/>
      </object_component>
      <object_component id="oc-68b">
         <name>.data:_lock</name>
         <load_address>0x207a</load_address>
         <run_address>0x207a</run_address>
         <size>0x4</size>
         <input_file_ref idref="fl-52"/>
      </object_component>
      <object_component id="oc-694">
         <name>.data:_unlock</name>
         <load_address>0x207e</load_address>
         <run_address>0x207e</run_address>
         <size>0x4</size>
         <input_file_ref idref="fl-52"/>
      </object_component>
      <object_component id="oc-41c">
         <name>.stack</name>
         <uninitialized>true</uninitialized>
         <run_address>0x2f60</run_address>
         <size>0x2</size>
         <input_file_ref idref="fl-49"/>
      </object_component>
      <object_component id="oc-7be">
         <name>.stack</name>
         <uninitialized>true</uninitialized>
         <run_address>0x2f60</run_address>
         <size>0x0</size>
      </object_component>
      <object_component id="oc-72">
         <name>.int22</name>
         <load_address>0xffce</load_address>
         <run_address>0xffce</run_address>
         <size>0x2</size>
         <input_file_ref idref="fl-26"/>
      </object_component>
      <object_component id="oc-73">
         <name>.int23</name>
         <load_address>0xffd0</load_address>
         <run_address>0xffd0</run_address>
         <size>0x2</size>
         <input_file_ref idref="fl-28"/>
      </object_component>
      <object_component id="oc-74">
         <name>.int24</name>
         <load_address>0xffd2</load_address>
         <run_address>0xffd2</run_address>
         <size>0x2</size>
         <input_file_ref idref="fl-3"/>
      </object_component>
      <object_component id="oc-75">
         <name>.int25</name>
         <load_address>0xffd4</load_address>
         <run_address>0xffd4</run_address>
         <size>0x2</size>
         <input_file_ref idref="fl-29"/>
      </object_component>
      <object_component id="oc-76">
         <name>.int26</name>
         <load_address>0xffd6</load_address>
         <run_address>0xffd6</run_address>
         <size>0x2</size>
         <input_file_ref idref="fl-2a"/>
      </object_component>
      <object_component id="oc-77">
         <name>.int27</name>
         <load_address>0xffd8</load_address>
         <run_address>0xffd8</run_address>
         <size>0x2</size>
         <input_file_ref idref="fl-2b"/>
      </object_component>
      <object_component id="oc-78">
         <name>.int28</name>
         <load_address>0xffda</load_address>
         <run_address>0xffda</run_address>
         <size>0x2</size>
         <input_file_ref idref="fl-2c"/>
      </object_component>
      <object_component id="oc-79">
         <name>.int29</name>
         <load_address>0xffdc</load_address>
         <run_address>0xffdc</run_address>
         <size>0x2</size>
         <input_file_ref idref="fl-2d"/>
      </object_component>
      <object_component id="oc-7a">
         <name>.int30</name>
         <load_address>0xffde</load_address>
         <run_address>0xffde</run_address>
         <size>0x2</size>
         <input_file_ref idref="fl-2e"/>
      </object_component>
      <object_component id="oc-7b">
         <name>.int31</name>
         <load_address>0xffe0</load_address>
         <run_address>0xffe0</run_address>
         <size>0x2</size>
         <input_file_ref idref="fl-2"/>
      </object_component>
      <object_component id="oc-7c">
         <name>.int32</name>
         <load_address>0xffe2</load_address>
         <run_address>0xffe2</run_address>
         <size>0x2</size>
         <input_file_ref idref="fl-2f"/>
      </object_component>
      <object_component id="oc-7d">
         <name>.int33</name>
         <load_address>0xffe4</load_address>
         <run_address>0xffe4</run_address>
         <size>0x2</size>
         <input_file_ref idref="fl-30"/>
      </object_component>
      <object_component id="oc-7e">
         <name>.int34</name>
         <load_address>0xffe6</load_address>
         <run_address>0xffe6</run_address>
         <size>0x2</size>
         <input_file_ref idref="fl-31"/>
      </object_component>
      <object_component id="oc-7f">
         <name>.int35</name>
         <load_address>0xffe8</load_address>
         <run_address>0xffe8</run_address>
         <size>0x2</size>
         <input_file_ref idref="fl-32"/>
      </object_component>
      <object_component id="oc-80">
         <name>.int36</name>
         <load_address>0xffea</load_address>
         <run_address>0xffea</run_address>
         <size>0x2</size>
         <input_file_ref idref="fl-33"/>
      </object_component>
      <object_component id="oc-81">
         <name>.int37</name>
         <load_address>0xffec</load_address>
         <run_address>0xffec</run_address>
         <size>0x2</size>
         <input_file_ref idref="fl-34"/>
      </object_component>
      <object_component id="oc-82">
         <name>.int38</name>
         <load_address>0xffee</load_address>
         <run_address>0xffee</run_address>
         <size>0x2</size>
         <input_file_ref idref="fl-35"/>
      </object_component>
      <object_component id="oc-83">
         <name>.int39</name>
         <load_address>0xfff0</load_address>
         <run_address>0xfff0</run_address>
         <size>0x2</size>
         <input_file_ref idref="fl-36"/>
      </object_component>
      <object_component id="oc-84">
         <name>.int40</name>
         <load_address>0xfff2</load_address>
         <run_address>0xfff2</run_address>
         <size>0x2</size>
         <input_file_ref idref="fl-37"/>
      </object_component>
      <object_component id="oc-85">
         <name>.int41</name>
         <load_address>0xfff4</load_address>
         <run_address>0xfff4</run_address>
         <size>0x2</size>
         <input_file_ref idref="fl-38"/>
      </object_component>
      <object_component id="oc-86">
         <name>.int42</name>
         <load_address>0xfff6</load_address>
         <run_address>0xfff6</run_address>
         <size>0x2</size>
         <input_file_ref idref="fl-39"/>
      </object_component>
      <object_component id="oc-87">
         <name>.int43</name>
         <load_address>0xfff8</load_address>
         <run_address>0xfff8</run_address>
         <size>0x2</size>
         <input_file_ref idref="fl-3"/>
      </object_component>
      <object_component id="oc-88">
         <name>.int44</name>
         <load_address>0xfffa</load_address>
         <run_address>0xfffa</run_address>
         <size>0x2</size>
         <input_file_ref idref="fl-3a"/>
      </object_component>
      <object_component id="oc-89">
         <name>.int45</name>
         <load_address>0xfffc</load_address>
         <run_address>0xfffc</run_address>
         <size>0x2</size>
         <input_file_ref idref="fl-3b"/>
      </object_component>
      <object_component id="oc-41f">
         <name>.reset</name>
         <load_address>0xfffe</load_address>
         <run_address>0xfffe</run_address>
         <size>0x2</size>
         <input_file_ref idref="fl-49"/>
      </object_component>
      <object_component id="oc-4c6">
         <name>.debug_info</name>
         <load_address>0x0</load_address>
         <run_address>0x0</run_address>
         <size>0x319</size>
         <input_file_ref idref="fl-2"/>
      </object_component>
      <object_component id="oc-640">
         <name>.debug_info</name>
         <load_address>0x319</load_address>
         <run_address>0x319</run_address>
         <size>0xc2</size>
         <input_file_ref idref="fl-2"/>
      </object_component>
      <object_component id="oc-506">
         <name>.debug_info</name>
         <load_address>0x3db</load_address>
         <run_address>0x3db</run_address>
         <size>0xc2</size>
         <input_file_ref idref="fl-2"/>
      </object_component>
      <object_component id="oc-633">
         <name>.debug_info</name>
         <load_address>0x49d</load_address>
         <run_address>0x49d</run_address>
         <size>0x137</size>
         <input_file_ref idref="fl-2"/>
      </object_component>
      <object_component id="oc-639">
         <name>.debug_info</name>
         <load_address>0x5d4</load_address>
         <run_address>0x5d4</run_address>
         <size>0x164</size>
         <input_file_ref idref="fl-2"/>
      </object_component>
      <object_component id="oc-509">
         <name>.debug_info</name>
         <load_address>0x738</load_address>
         <run_address>0x738</run_address>
         <size>0x153</size>
         <input_file_ref idref="fl-2"/>
      </object_component>
      <object_component id="oc-4ff">
         <name>.debug_info</name>
         <load_address>0x88b</load_address>
         <run_address>0x88b</run_address>
         <size>0x1ae</size>
         <input_file_ref idref="fl-2"/>
      </object_component>
      <object_component id="oc-529">
         <name>.debug_info</name>
         <load_address>0xa39</load_address>
         <run_address>0xa39</run_address>
         <size>0x162</size>
         <input_file_ref idref="fl-2"/>
      </object_component>
      <object_component id="oc-49f">
         <name>.debug_info</name>
         <load_address>0xb9b</load_address>
         <run_address>0xb9b</run_address>
         <size>0x20a</size>
         <input_file_ref idref="fl-2"/>
      </object_component>
      <object_component id="oc-4a5">
         <name>.debug_info</name>
         <load_address>0xda5</load_address>
         <run_address>0xda5</run_address>
         <size>0x133</size>
         <input_file_ref idref="fl-2"/>
      </object_component>
      <object_component id="oc-513">
         <name>.debug_info</name>
         <load_address>0xed8</load_address>
         <run_address>0xed8</run_address>
         <size>0x16f</size>
         <input_file_ref idref="fl-2"/>
      </object_component>
      <object_component id="oc-4ae">
         <name>.debug_info</name>
         <load_address>0x1047</load_address>
         <run_address>0x1047</run_address>
         <size>0x1b4</size>
         <input_file_ref idref="fl-2"/>
      </object_component>
      <object_component id="oc-499">
         <name>.debug_info</name>
         <load_address>0x11fb</load_address>
         <run_address>0x11fb</run_address>
         <size>0x136</size>
         <input_file_ref idref="fl-2"/>
      </object_component>
      <object_component id="oc-443">
         <name>.debug_info</name>
         <load_address>0x1331</load_address>
         <run_address>0x1331</run_address>
         <size>0x123</size>
         <input_file_ref idref="fl-2"/>
      </object_component>
      <object_component id="oc-67b">
         <name>.debug_info</name>
         <load_address>0x1454</load_address>
         <run_address>0x1454</run_address>
         <size>0x1a3</size>
         <input_file_ref idref="fl-2"/>
      </object_component>
      <object_component id="oc-557">
         <name>.debug_info</name>
         <load_address>0x15f7</load_address>
         <run_address>0x15f7</run_address>
         <size>0x201</size>
         <input_file_ref idref="fl-2"/>
      </object_component>
      <object_component id="oc-426">
         <name>.debug_info</name>
         <load_address>0x17f8</load_address>
         <run_address>0x17f8</run_address>
         <size>0x84</size>
         <input_file_ref idref="fl-2"/>
      </object_component>
      <object_component id="oc-53e">
         <name>.debug_info</name>
         <load_address>0x187c</load_address>
         <run_address>0x187c</run_address>
         <size>0x2c</size>
         <input_file_ref idref="fl-2"/>
      </object_component>
      <object_component id="oc-539">
         <name>.debug_info</name>
         <load_address>0x18a8</load_address>
         <run_address>0x18a8</run_address>
         <size>0x35</size>
         <input_file_ref idref="fl-2"/>
      </object_component>
      <object_component id="oc-4fb">
         <name>.debug_info</name>
         <load_address>0x18dd</load_address>
         <run_address>0x18dd</run_address>
         <size>0x3116</size>
         <input_file_ref idref="fl-3"/>
      </object_component>
      <object_component id="oc-678">
         <name>.debug_info</name>
         <load_address>0x49f3</load_address>
         <run_address>0x49f3</run_address>
         <size>0xc8</size>
         <input_file_ref idref="fl-3"/>
      </object_component>
      <object_component id="oc-4ab">
         <name>.debug_info</name>
         <load_address>0x4abb</load_address>
         <run_address>0x4abb</run_address>
         <size>0xb8</size>
         <input_file_ref idref="fl-3"/>
      </object_component>
      <object_component id="oc-496">
         <name>.debug_info</name>
         <load_address>0x4b73</load_address>
         <run_address>0x4b73</run_address>
         <size>0x14c</size>
         <input_file_ref idref="fl-3"/>
      </object_component>
      <object_component id="oc-526">
         <name>.debug_info</name>
         <load_address>0x4cbf</load_address>
         <run_address>0x4cbf</run_address>
         <size>0xb5</size>
         <input_file_ref idref="fl-3"/>
      </object_component>
      <object_component id="oc-655">
         <name>.debug_info</name>
         <load_address>0x4d74</load_address>
         <run_address>0x4d74</run_address>
         <size>0x1d9</size>
         <input_file_ref idref="fl-3"/>
      </object_component>
      <object_component id="oc-545">
         <name>.debug_info</name>
         <load_address>0x4f4d</load_address>
         <run_address>0x4f4d</run_address>
         <size>0xef</size>
         <input_file_ref idref="fl-3"/>
      </object_component>
      <object_component id="oc-54b">
         <name>.debug_info</name>
         <load_address>0x503c</load_address>
         <run_address>0x503c</run_address>
         <size>0xef</size>
         <input_file_ref idref="fl-3"/>
      </object_component>
      <object_component id="oc-551">
         <name>.debug_info</name>
         <load_address>0x512b</load_address>
         <run_address>0x512b</run_address>
         <size>0x154</size>
         <input_file_ref idref="fl-3"/>
      </object_component>
      <object_component id="oc-4d9">
         <name>.debug_info</name>
         <load_address>0x527f</load_address>
         <run_address>0x527f</run_address>
         <size>0x19b</size>
         <input_file_ref idref="fl-3"/>
      </object_component>
      <object_component id="oc-530">
         <name>.debug_info</name>
         <load_address>0x541a</load_address>
         <run_address>0x541a</run_address>
         <size>0x186</size>
         <input_file_ref idref="fl-3"/>
      </object_component>
      <object_component id="oc-449">
         <name>.debug_info</name>
         <load_address>0x55a0</load_address>
         <run_address>0x55a0</run_address>
         <size>0xe9</size>
         <input_file_ref idref="fl-3"/>
      </object_component>
      <object_component id="oc-520">
         <name>.debug_info</name>
         <load_address>0x5689</load_address>
         <run_address>0x5689</run_address>
         <size>0x12a</size>
         <input_file_ref idref="fl-3"/>
      </object_component>
      <object_component id="oc-4b4">
         <name>.debug_info</name>
         <load_address>0x57b3</load_address>
         <run_address>0x57b3</run_address>
         <size>0x184</size>
         <input_file_ref idref="fl-3"/>
      </object_component>
      <object_component id="oc-4ba">
         <name>.debug_info</name>
         <load_address>0x5937</load_address>
         <run_address>0x5937</run_address>
         <size>0x144</size>
         <input_file_ref idref="fl-3"/>
      </object_component>
      <object_component id="oc-43d">
         <name>.debug_info</name>
         <load_address>0x5a7b</load_address>
         <run_address>0x5a7b</run_address>
         <size>0x203</size>
         <input_file_ref idref="fl-3"/>
      </object_component>
      <object_component id="oc-5a8">
         <name>.debug_info</name>
         <load_address>0x5c7e</load_address>
         <run_address>0x5c7e</run_address>
         <size>0x142a</size>
         <input_file_ref idref="fl-3"/>
      </object_component>
      <object_component id="oc-5a3">
         <name>.debug_info</name>
         <load_address>0x70a8</load_address>
         <run_address>0x70a8</run_address>
         <size>0x1e4</size>
         <input_file_ref idref="fl-3"/>
      </object_component>
      <object_component id="oc-5d5">
         <name>.debug_info</name>
         <load_address>0x728c</load_address>
         <run_address>0x728c</run_address>
         <size>0x1c0</size>
         <input_file_ref idref="fl-3"/>
      </object_component>
      <object_component id="oc-607">
         <name>.debug_info</name>
         <load_address>0x744c</load_address>
         <run_address>0x744c</run_address>
         <size>0xbb</size>
         <input_file_ref idref="fl-3"/>
      </object_component>
      <object_component id="oc-5ad">
         <name>.debug_info</name>
         <load_address>0x7507</load_address>
         <run_address>0x7507</run_address>
         <size>0x15c5</size>
         <input_file_ref idref="fl-3"/>
      </object_component>
      <object_component id="oc-5e4">
         <name>.debug_info</name>
         <load_address>0x8acc</load_address>
         <run_address>0x8acc</run_address>
         <size>0x1c6</size>
         <input_file_ref idref="fl-3"/>
      </object_component>
      <object_component id="oc-5b2">
         <name>.debug_info</name>
         <load_address>0x8c92</load_address>
         <run_address>0x8c92</run_address>
         <size>0x763</size>
         <input_file_ref idref="fl-3"/>
      </object_component>
      <object_component id="oc-5c6">
         <name>.debug_info</name>
         <load_address>0x93f5</load_address>
         <run_address>0x93f5</run_address>
         <size>0x2c</size>
         <input_file_ref idref="fl-3"/>
      </object_component>
      <object_component id="oc-5df">
         <name>.debug_info</name>
         <load_address>0x9421</load_address>
         <run_address>0x9421</run_address>
         <size>0x54b</size>
         <input_file_ref idref="fl-3"/>
      </object_component>
      <object_component id="oc-620">
         <name>.debug_info</name>
         <load_address>0x996c</load_address>
         <run_address>0x996c</run_address>
         <size>0x198</size>
         <input_file_ref idref="fl-3"/>
      </object_component>
      <object_component id="oc-611">
         <name>.debug_info</name>
         <load_address>0x9b04</load_address>
         <run_address>0x9b04</run_address>
         <size>0x201</size>
         <input_file_ref idref="fl-3"/>
      </object_component>
      <object_component id="oc-5c1">
         <name>.debug_info</name>
         <load_address>0x9d05</load_address>
         <run_address>0x9d05</run_address>
         <size>0x25f</size>
         <input_file_ref idref="fl-3"/>
      </object_component>
      <object_component id="oc-5ee">
         <name>.debug_info</name>
         <load_address>0x9f64</load_address>
         <run_address>0x9f64</run_address>
         <size>0x11e</size>
         <input_file_ref idref="fl-3"/>
      </object_component>
      <object_component id="oc-61b">
         <name>.debug_info</name>
         <load_address>0xa082</load_address>
         <run_address>0xa082</run_address>
         <size>0x1f9</size>
         <input_file_ref idref="fl-3"/>
      </object_component>
      <object_component id="oc-5e9">
         <name>.debug_info</name>
         <load_address>0xa27b</load_address>
         <run_address>0xa27b</run_address>
         <size>0xea</size>
         <input_file_ref idref="fl-3"/>
      </object_component>
      <object_component id="oc-5cb">
         <name>.debug_info</name>
         <load_address>0xa365</load_address>
         <run_address>0xa365</run_address>
         <size>0xa0a</size>
         <input_file_ref idref="fl-3"/>
      </object_component>
      <object_component id="oc-6ba">
         <name>.debug_info</name>
         <load_address>0xad6f</load_address>
         <run_address>0xad6f</run_address>
         <size>0x282</size>
         <input_file_ref idref="fl-3"/>
      </object_component>
      <object_component id="oc-6bf">
         <name>.debug_info</name>
         <load_address>0xaff1</load_address>
         <run_address>0xaff1</run_address>
         <size>0xef</size>
         <input_file_ref idref="fl-3"/>
      </object_component>
      <object_component id="oc-5da">
         <name>.debug_info</name>
         <load_address>0xb0e0</load_address>
         <run_address>0xb0e0</run_address>
         <size>0xbb</size>
         <input_file_ref idref="fl-3"/>
      </object_component>
      <object_component id="oc-5f8">
         <name>.debug_info</name>
         <load_address>0xb19b</load_address>
         <run_address>0xb19b</run_address>
         <size>0x2a1</size>
         <input_file_ref idref="fl-3"/>
      </object_component>
      <object_component id="oc-5b7">
         <name>.debug_info</name>
         <load_address>0xb43c</load_address>
         <run_address>0xb43c</run_address>
         <size>0x10b</size>
         <input_file_ref idref="fl-3"/>
      </object_component>
      <object_component id="oc-5d0">
         <name>.debug_info</name>
         <load_address>0xb547</load_address>
         <run_address>0xb547</run_address>
         <size>0x94</size>
         <input_file_ref idref="fl-3"/>
      </object_component>
      <object_component id="oc-60c">
         <name>.debug_info</name>
         <load_address>0xb5db</load_address>
         <run_address>0xb5db</run_address>
         <size>0x2fe</size>
         <input_file_ref idref="fl-3"/>
      </object_component>
      <object_component id="oc-5bc">
         <name>.debug_info</name>
         <load_address>0xb8d9</load_address>
         <run_address>0xb8d9</run_address>
         <size>0x519</size>
         <input_file_ref idref="fl-3"/>
      </object_component>
      <object_component id="oc-5f3">
         <name>.debug_info</name>
         <load_address>0xbdf2</load_address>
         <run_address>0xbdf2</run_address>
         <size>0x626</size>
         <input_file_ref idref="fl-3"/>
      </object_component>
      <object_component id="oc-5fd">
         <name>.debug_info</name>
         <load_address>0xc418</load_address>
         <run_address>0xc418</run_address>
         <size>0x7b</size>
         <input_file_ref idref="fl-3"/>
      </object_component>
      <object_component id="oc-602">
         <name>.debug_info</name>
         <load_address>0xc493</load_address>
         <run_address>0xc493</run_address>
         <size>0x373</size>
         <input_file_ref idref="fl-3"/>
      </object_component>
      <object_component id="oc-616">
         <name>.debug_info</name>
         <load_address>0xc806</load_address>
         <run_address>0xc806</run_address>
         <size>0x22d</size>
         <input_file_ref idref="fl-3"/>
      </object_component>
      <object_component id="oc-625">
         <name>.debug_info</name>
         <load_address>0xca33</load_address>
         <run_address>0xca33</run_address>
         <size>0x87</size>
         <input_file_ref idref="fl-3"/>
      </object_component>
      <object_component id="oc-62a">
         <name>.debug_info</name>
         <load_address>0xcaba</load_address>
         <run_address>0xcaba</run_address>
         <size>0xdb</size>
         <input_file_ref idref="fl-3"/>
      </object_component>
      <object_component id="oc-6a">
         <name>.debug_info</name>
         <load_address>0xcb95</load_address>
         <run_address>0xcb95</run_address>
         <size>0x2b8</size>
         <input_file_ref idref="fl-24"/>
      </object_component>
      <object_component id="oc-4f4">
         <name>.debug_info</name>
         <load_address>0xce4d</load_address>
         <run_address>0xce4d</run_address>
         <size>0x46</size>
         <input_file_ref idref="fl-24"/>
      </object_component>
      <object_component id="oc-48c">
         <name>.debug_info</name>
         <load_address>0xce93</load_address>
         <run_address>0xce93</run_address>
         <size>0x39</size>
         <input_file_ref idref="fl-24"/>
      </object_component>
      <object_component id="oc-421">
         <name>.debug_info</name>
         <load_address>0xcecc</load_address>
         <run_address>0xcecc</run_address>
         <size>0x60</size>
         <input_file_ref idref="fl-24"/>
      </object_component>
      <object_component id="oc-436">
         <name>.debug_info</name>
         <load_address>0xcf2c</load_address>
         <run_address>0xcf2c</run_address>
         <size>0x1da</size>
         <input_file_ref idref="fl-25"/>
      </object_component>
      <object_component id="oc-6e">
         <name>.debug_info</name>
         <load_address>0xd106</load_address>
         <run_address>0xd106</run_address>
         <size>0x1f2</size>
         <input_file_ref idref="fl-25"/>
      </object_component>
      <object_component id="oc-431">
         <name>.debug_info</name>
         <load_address>0xd2f8</load_address>
         <run_address>0xd2f8</run_address>
         <size>0x46</size>
         <input_file_ref idref="fl-25"/>
      </object_component>
      <object_component id="oc-438">
         <name>.debug_info</name>
         <load_address>0xd33e</load_address>
         <run_address>0xd33e</run_address>
         <size>0x10f</size>
         <input_file_ref idref="fl-27"/>
      </object_component>
      <object_component id="oc-44f">
         <name>.debug_info</name>
         <load_address>0xd44d</load_address>
         <run_address>0xd44d</run_address>
         <size>0x1d3</size>
         <input_file_ref idref="fl-3c"/>
      </object_component>
      <object_component id="oc-4cc">
         <name>.debug_info</name>
         <load_address>0xd620</load_address>
         <run_address>0xd620</run_address>
         <size>0x46</size>
         <input_file_ref idref="fl-3c"/>
      </object_component>
      <object_component id="oc-717">
         <name>.debug_info</name>
         <load_address>0xd666</load_address>
         <run_address>0xd666</run_address>
         <size>0x15c</size>
         <input_file_ref idref="fl-3d"/>
      </object_component>
      <object_component id="oc-668">
         <name>.debug_info</name>
         <load_address>0xd7c2</load_address>
         <run_address>0xd7c2</run_address>
         <size>0x16e</size>
         <input_file_ref idref="fl-3d"/>
      </object_component>
      <object_component id="oc-65b">
         <name>.debug_info</name>
         <load_address>0xd930</load_address>
         <run_address>0xd930</run_address>
         <size>0x172</size>
         <input_file_ref idref="fl-3d"/>
      </object_component>
      <object_component id="oc-6cf">
         <name>.debug_info</name>
         <load_address>0xdaa2</load_address>
         <run_address>0xdaa2</run_address>
         <size>0x3a</size>
         <input_file_ref idref="fl-3d"/>
      </object_component>
      <object_component id="oc-42c">
         <name>.debug_info</name>
         <load_address>0xdadc</load_address>
         <run_address>0xdadc</run_address>
         <size>0x121</size>
         <input_file_ref idref="fl-3e"/>
      </object_component>
      <object_component id="oc-4c0">
         <name>.debug_info</name>
         <load_address>0xdbfd</load_address>
         <run_address>0xdbfd</run_address>
         <size>0x121</size>
         <input_file_ref idref="fl-3f"/>
      </object_component>
      <object_component id="oc-683">
         <name>.debug_info</name>
         <load_address>0xdd1e</load_address>
         <run_address>0xdd1e</run_address>
         <size>0x130</size>
         <input_file_ref idref="fl-41"/>
      </object_component>
      <object_component id="oc-66d">
         <name>.debug_info</name>
         <load_address>0xde4e</load_address>
         <run_address>0xde4e</run_address>
         <size>0x130</size>
         <input_file_ref idref="fl-43"/>
      </object_component>
      <object_component id="oc-670">
         <name>.debug_info</name>
         <load_address>0xdf7e</load_address>
         <run_address>0xdf7e</run_address>
         <size>0x138</size>
         <input_file_ref idref="fl-47"/>
      </object_component>
      <object_component id="oc-6e4">
         <name>.debug_info</name>
         <load_address>0xe0b6</load_address>
         <run_address>0xe0b6</run_address>
         <size>0x123</size>
         <input_file_ref idref="fl-48"/>
      </object_component>
      <object_component id="oc-41d">
         <name>.debug_info</name>
         <load_address>0xe1d9</load_address>
         <run_address>0xe1d9</run_address>
         <size>0x100</size>
         <input_file_ref idref="fl-49"/>
      </object_component>
      <object_component id="oc-479">
         <name>.debug_info</name>
         <load_address>0xe2d9</load_address>
         <run_address>0xe2d9</run_address>
         <size>0x193</size>
         <input_file_ref idref="fl-49"/>
      </object_component>
      <object_component id="oc-4eb">
         <name>.debug_info</name>
         <load_address>0xe46c</load_address>
         <run_address>0xe46c</run_address>
         <size>0x1ae</size>
         <input_file_ref idref="fl-4a"/>
      </object_component>
      <object_component id="oc-59c">
         <name>.debug_info</name>
         <load_address>0xe61a</load_address>
         <run_address>0xe61a</run_address>
         <size>0x18b</size>
         <input_file_ref idref="fl-4a"/>
      </object_component>
      <object_component id="oc-6a0">
         <name>.debug_info</name>
         <load_address>0xe7a5</load_address>
         <run_address>0xe7a5</run_address>
         <size>0x409</size>
         <input_file_ref idref="fl-4c"/>
      </object_component>
      <object_component id="oc-582">
         <name>.debug_info</name>
         <load_address>0xebae</load_address>
         <run_address>0xebae</run_address>
         <size>0x216</size>
         <input_file_ref idref="fl-4c"/>
      </object_component>
      <object_component id="oc-704">
         <name>.debug_info</name>
         <load_address>0xedc4</load_address>
         <run_address>0xedc4</run_address>
         <size>0x39</size>
         <input_file_ref idref="fl-4c"/>
      </object_component>
      <object_component id="oc-710">
         <name>.debug_info</name>
         <load_address>0xedfd</load_address>
         <run_address>0xedfd</run_address>
         <size>0x2c</size>
         <input_file_ref idref="fl-4c"/>
      </object_component>
      <object_component id="oc-6ab">
         <name>.debug_info</name>
         <load_address>0xee29</load_address>
         <run_address>0xee29</run_address>
         <size>0x2c</size>
         <input_file_ref idref="fl-4c"/>
      </object_component>
      <object_component id="oc-709">
         <name>.debug_info</name>
         <load_address>0xee55</load_address>
         <run_address>0xee55</run_address>
         <size>0xcd</size>
         <input_file_ref idref="fl-4c"/>
      </object_component>
      <object_component id="oc-69b">
         <name>.debug_info</name>
         <load_address>0xef22</load_address>
         <run_address>0xef22</run_address>
         <size>0x150</size>
         <input_file_ref idref="fl-4d"/>
      </object_component>
      <object_component id="oc-4d3">
         <name>.debug_info</name>
         <load_address>0xf072</load_address>
         <run_address>0xf072</run_address>
         <size>0x153</size>
         <input_file_ref idref="fl-4e"/>
      </object_component>
      <object_component id="oc-645">
         <name>.debug_info</name>
         <load_address>0xf1c5</load_address>
         <run_address>0xf1c5</run_address>
         <size>0x2c</size>
         <input_file_ref idref="fl-4f"/>
      </object_component>
      <object_component id="oc-55f">
         <name>.debug_info</name>
         <load_address>0xf1f1</load_address>
         <run_address>0xf1f1</run_address>
         <size>0x122</size>
         <input_file_ref idref="fl-50"/>
      </object_component>
      <object_component id="oc-6f7">
         <name>.debug_info</name>
         <load_address>0xf313</load_address>
         <run_address>0xf313</run_address>
         <size>0x163</size>
         <input_file_ref idref="fl-52"/>
      </object_component>
      <object_component id="oc-68c">
         <name>.debug_info</name>
         <load_address>0xf476</load_address>
         <run_address>0xf476</run_address>
         <size>0xff</size>
         <input_file_ref idref="fl-52"/>
      </object_component>
      <object_component id="oc-695">
         <name>.debug_info</name>
         <load_address>0xf575</load_address>
         <run_address>0xf575</run_address>
         <size>0x103</size>
         <input_file_ref idref="fl-52"/>
      </object_component>
      <object_component id="oc-6f3">
         <name>.debug_info</name>
         <load_address>0xf678</load_address>
         <run_address>0xf678</run_address>
         <size>0x12e</size>
         <input_file_ref idref="fl-52"/>
      </object_component>
      <object_component id="oc-644">
         <name>.debug_info</name>
         <load_address>0xf7a6</load_address>
         <run_address>0xf7a6</run_address>
         <size>0x181</size>
         <input_file_ref idref="fl-53"/>
      </object_component>
      <object_component id="oc-51b">
         <name>.debug_info</name>
         <load_address>0xf927</load_address>
         <run_address>0xf927</run_address>
         <size>0x17a</size>
         <input_file_ref idref="fl-53"/>
      </object_component>
      <object_component id="oc-6cb">
         <name>.debug_info</name>
         <load_address>0xfaa1</load_address>
         <run_address>0xfaa1</run_address>
         <size>0x162</size>
         <input_file_ref idref="fl-54"/>
      </object_component>
      <object_component id="oc-64e">
         <name>.debug_info</name>
         <load_address>0xfc03</load_address>
         <run_address>0xfc03</run_address>
         <size>0x230</size>
         <input_file_ref idref="fl-54"/>
      </object_component>
      <object_component id="oc-6e0">
         <name>.debug_info</name>
         <load_address>0xfe33</load_address>
         <run_address>0xfe33</run_address>
         <size>0x17c</size>
         <input_file_ref idref="fl-55"/>
      </object_component>
      <object_component id="oc-661">
         <name>.debug_info</name>
         <load_address>0xffaf</load_address>
         <run_address>0xffaf</run_address>
         <size>0x186</size>
         <input_file_ref idref="fl-55"/>
      </object_component>
      <object_component id="oc-732">
         <name>.debug_info</name>
         <load_address>0x10135</load_address>
         <run_address>0x10135</run_address>
         <size>0x39</size>
         <input_file_ref idref="fl-55"/>
      </object_component>
      <object_component id="oc-6db">
         <name>.debug_info</name>
         <load_address>0x1016e</load_address>
         <run_address>0x1016e</run_address>
         <size>0x2c</size>
         <input_file_ref idref="fl-55"/>
      </object_component>
      <object_component id="oc-6d6">
         <name>.debug_info</name>
         <load_address>0x1019a</load_address>
         <run_address>0x1019a</run_address>
         <size>0x1a8</size>
         <input_file_ref idref="fl-56"/>
      </object_component>
      <object_component id="oc-751">
         <name>.debug_info</name>
         <load_address>0x10342</load_address>
         <run_address>0x10342</run_address>
         <size>0x39</size>
         <input_file_ref idref="fl-56"/>
      </object_component>
      <object_component id="oc-72d">
         <name>.debug_info</name>
         <load_address>0x1037b</load_address>
         <run_address>0x1037b</run_address>
         <size>0x39</size>
         <input_file_ref idref="fl-56"/>
      </object_component>
      <object_component id="oc-74e">
         <name>.debug_info</name>
         <load_address>0x103b4</load_address>
         <run_address>0x103b4</run_address>
         <size>0x193</size>
         <input_file_ref idref="fl-57"/>
      </object_component>
      <object_component id="oc-74b">
         <name>.debug_info</name>
         <load_address>0x10547</load_address>
         <run_address>0x10547</run_address>
         <size>0x106</size>
         <input_file_ref idref="fl-57"/>
      </object_component>
      <object_component id="oc-71d">
         <name>.debug_info</name>
         <load_address>0x1064d</load_address>
         <run_address>0x1064d</run_address>
         <size>0x1df</size>
         <input_file_ref idref="fl-57"/>
      </object_component>
      <object_component id="oc-723">
         <name>.debug_info</name>
         <load_address>0x1082c</load_address>
         <run_address>0x1082c</run_address>
         <size>0x19a</size>
         <input_file_ref idref="fl-57"/>
      </object_component>
      <object_component id="oc-72a">
         <name>.debug_info</name>
         <load_address>0x109c6</load_address>
         <run_address>0x109c6</run_address>
         <size>0x126</size>
         <input_file_ref idref="fl-58"/>
      </object_component>
      <object_component id="oc-719">
         <name>.debug_info</name>
         <load_address>0x10aec</load_address>
         <run_address>0x10aec</run_address>
         <size>0x27b</size>
         <input_file_ref idref="fl-59"/>
      </object_component>
      <object_component id="oc-7bf">
         <name>.debug_info</name>
         <load_address>0x10d67</load_address>
         <run_address>0x10d67</run_address>
         <size>0x85</size>
      </object_component>
      <object_component id="oc-538">
         <name>.debug_line</name>
         <load_address>0x0</load_address>
         <run_address>0x0</run_address>
         <size>0xe2</size>
         <input_file_ref idref="fl-2"/>
      </object_component>
      <object_component id="oc-6c7">
         <name>.debug_line</name>
         <load_address>0xe2</load_address>
         <run_address>0xe2</run_address>
         <size>0x3c</size>
         <input_file_ref idref="fl-2"/>
      </object_component>
      <object_component id="oc-631">
         <name>.debug_line</name>
         <load_address>0x11e</load_address>
         <run_address>0x11e</run_address>
         <size>0x3c</size>
         <input_file_ref idref="fl-2"/>
      </object_component>
      <object_component id="oc-636">
         <name>.debug_line</name>
         <load_address>0x15a</load_address>
         <run_address>0x15a</run_address>
         <size>0x50</size>
         <input_file_ref idref="fl-2"/>
      </object_component>
      <object_component id="oc-63c">
         <name>.debug_line</name>
         <load_address>0x1aa</load_address>
         <run_address>0x1aa</run_address>
         <size>0x54</size>
         <input_file_ref idref="fl-2"/>
      </object_component>
      <object_component id="oc-50d">
         <name>.debug_line</name>
         <load_address>0x1fe</load_address>
         <run_address>0x1fe</run_address>
         <size>0x53</size>
         <input_file_ref idref="fl-2"/>
      </object_component>
      <object_component id="oc-502">
         <name>.debug_line</name>
         <load_address>0x251</load_address>
         <run_address>0x251</run_address>
         <size>0x58</size>
         <input_file_ref idref="fl-2"/>
      </object_component>
      <object_component id="oc-52d">
         <name>.debug_line</name>
         <load_address>0x2a9</load_address>
         <run_address>0x2a9</run_address>
         <size>0x5a</size>
         <input_file_ref idref="fl-2"/>
      </object_component>
      <object_component id="oc-4a2">
         <name>.debug_line</name>
         <load_address>0x303</load_address>
         <run_address>0x303</run_address>
         <size>0x66</size>
         <input_file_ref idref="fl-2"/>
      </object_component>
      <object_component id="oc-4a8">
         <name>.debug_line</name>
         <load_address>0x369</load_address>
         <run_address>0x369</run_address>
         <size>0x5f</size>
         <input_file_ref idref="fl-2"/>
      </object_component>
      <object_component id="oc-517">
         <name>.debug_line</name>
         <load_address>0x3c8</load_address>
         <run_address>0x3c8</run_address>
         <size>0x55</size>
         <input_file_ref idref="fl-2"/>
      </object_component>
      <object_component id="oc-4b1">
         <name>.debug_line</name>
         <load_address>0x41d</load_address>
         <run_address>0x41d</run_address>
         <size>0x53</size>
         <input_file_ref idref="fl-2"/>
      </object_component>
      <object_component id="oc-49d">
         <name>.debug_line</name>
         <load_address>0x470</load_address>
         <run_address>0x470</run_address>
         <size>0x53</size>
         <input_file_ref idref="fl-2"/>
      </object_component>
      <object_component id="oc-447">
         <name>.debug_line</name>
         <load_address>0x4c3</load_address>
         <run_address>0x4c3</run_address>
         <size>0x52</size>
         <input_file_ref idref="fl-2"/>
      </object_component>
      <object_component id="oc-67f">
         <name>.debug_line</name>
         <load_address>0x515</load_address>
         <run_address>0x515</run_address>
         <size>0x5b</size>
         <input_file_ref idref="fl-2"/>
      </object_component>
      <object_component id="oc-55b">
         <name>.debug_line</name>
         <load_address>0x570</load_address>
         <run_address>0x570</run_address>
         <size>0x75</size>
         <input_file_ref idref="fl-2"/>
      </object_component>
      <object_component id="oc-429">
         <name>.debug_line</name>
         <load_address>0x5e5</load_address>
         <run_address>0x5e5</run_address>
         <size>0x20</size>
         <input_file_ref idref="fl-2"/>
      </object_component>
      <object_component id="oc-541">
         <name>.debug_line</name>
         <load_address>0x605</load_address>
         <run_address>0x605</run_address>
         <size>0x7c</size>
         <input_file_ref idref="fl-2"/>
      </object_component>
      <object_component id="oc-53c">
         <name>.debug_line</name>
         <load_address>0x681</load_address>
         <run_address>0x681</run_address>
         <size>0x85</size>
         <input_file_ref idref="fl-2"/>
      </object_component>
      <object_component id="oc-5a2">
         <name>.debug_line</name>
         <load_address>0x706</load_address>
         <run_address>0x706</run_address>
         <size>0xed</size>
         <input_file_ref idref="fl-3"/>
      </object_component>
      <object_component id="oc-6ea">
         <name>.debug_line</name>
         <load_address>0x7f3</load_address>
         <run_address>0x7f3</run_address>
         <size>0x2f</size>
         <input_file_ref idref="fl-3"/>
      </object_component>
      <object_component id="oc-511">
         <name>.debug_line</name>
         <load_address>0x822</load_address>
         <run_address>0x822</run_address>
         <size>0x2f</size>
         <input_file_ref idref="fl-3"/>
      </object_component>
      <object_component id="oc-4fa">
         <name>.debug_line</name>
         <load_address>0x851</load_address>
         <run_address>0x851</run_address>
         <size>0x2f</size>
         <input_file_ref idref="fl-3"/>
      </object_component>
      <object_component id="oc-64c">
         <name>.debug_line</name>
         <load_address>0x880</load_address>
         <run_address>0x880</run_address>
         <size>0x2f</size>
         <input_file_ref idref="fl-3"/>
      </object_component>
      <object_component id="oc-6cd">
         <name>.debug_line</name>
         <load_address>0x8af</load_address>
         <run_address>0x8af</run_address>
         <size>0x5b</size>
         <input_file_ref idref="fl-3"/>
      </object_component>
      <object_component id="oc-548">
         <name>.debug_line</name>
         <load_address>0x90a</load_address>
         <run_address>0x90a</run_address>
         <size>0x4e</size>
         <input_file_ref idref="fl-3"/>
      </object_component>
      <object_component id="oc-54e">
         <name>.debug_line</name>
         <load_address>0x958</load_address>
         <run_address>0x958</run_address>
         <size>0x44</size>
         <input_file_ref idref="fl-3"/>
      </object_component>
      <object_component id="oc-554">
         <name>.debug_line</name>
         <load_address>0x99c</load_address>
         <run_address>0x99c</run_address>
         <size>0x50</size>
         <input_file_ref idref="fl-3"/>
      </object_component>
      <object_component id="oc-4dc">
         <name>.debug_line</name>
         <load_address>0x9ec</load_address>
         <run_address>0x9ec</run_address>
         <size>0x53</size>
         <input_file_ref idref="fl-3"/>
      </object_component>
      <object_component id="oc-533">
         <name>.debug_line</name>
         <load_address>0xa3f</load_address>
         <run_address>0xa3f</run_address>
         <size>0x4b</size>
         <input_file_ref idref="fl-3"/>
      </object_component>
      <object_component id="oc-44c">
         <name>.debug_line</name>
         <load_address>0xa8a</load_address>
         <run_address>0xa8a</run_address>
         <size>0x4b</size>
         <input_file_ref idref="fl-3"/>
      </object_component>
      <object_component id="oc-523">
         <name>.debug_line</name>
         <load_address>0xad5</load_address>
         <run_address>0xad5</run_address>
         <size>0x51</size>
         <input_file_ref idref="fl-3"/>
      </object_component>
      <object_component id="oc-4b7">
         <name>.debug_line</name>
         <load_address>0xb26</load_address>
         <run_address>0xb26</run_address>
         <size>0x66</size>
         <input_file_ref idref="fl-3"/>
      </object_component>
      <object_component id="oc-4bd">
         <name>.debug_line</name>
         <load_address>0xb8c</load_address>
         <run_address>0xb8c</run_address>
         <size>0x62</size>
         <input_file_ref idref="fl-3"/>
      </object_component>
      <object_component id="oc-440">
         <name>.debug_line</name>
         <load_address>0xbee</load_address>
         <run_address>0xbee</run_address>
         <size>0x89</size>
         <input_file_ref idref="fl-3"/>
      </object_component>
      <object_component id="oc-5ab">
         <name>.debug_line</name>
         <load_address>0xc77</load_address>
         <run_address>0xc77</run_address>
         <size>0x82</size>
         <input_file_ref idref="fl-3"/>
      </object_component>
      <object_component id="oc-5a6">
         <name>.debug_line</name>
         <load_address>0xcf9</load_address>
         <run_address>0xcf9</run_address>
         <size>0x7a</size>
         <input_file_ref idref="fl-3"/>
      </object_component>
      <object_component id="oc-5d8">
         <name>.debug_line</name>
         <load_address>0xd73</load_address>
         <run_address>0xd73</run_address>
         <size>0x84</size>
         <input_file_ref idref="fl-3"/>
      </object_component>
      <object_component id="oc-60a">
         <name>.debug_line</name>
         <load_address>0xdf7</load_address>
         <run_address>0xdf7</run_address>
         <size>0x81</size>
         <input_file_ref idref="fl-3"/>
      </object_component>
      <object_component id="oc-5b0">
         <name>.debug_line</name>
         <load_address>0xe78</load_address>
         <run_address>0xe78</run_address>
         <size>0x86</size>
         <input_file_ref idref="fl-3"/>
      </object_component>
      <object_component id="oc-5e7">
         <name>.debug_line</name>
         <load_address>0xefe</load_address>
         <run_address>0xefe</run_address>
         <size>0x80</size>
         <input_file_ref idref="fl-3"/>
      </object_component>
      <object_component id="oc-5b5">
         <name>.debug_line</name>
         <load_address>0xf7e</load_address>
         <run_address>0xf7e</run_address>
         <size>0x82</size>
         <input_file_ref idref="fl-3"/>
      </object_component>
      <object_component id="oc-5c9">
         <name>.debug_line</name>
         <load_address>0x1000</load_address>
         <run_address>0x1000</run_address>
         <size>0x84</size>
         <input_file_ref idref="fl-3"/>
      </object_component>
[...]
         <name>UCB1ADDRX_H</name>
         <value>0x5dd</value>
      </symbol>
      <symbol id="sm-380">
         <name>UCB1ADDMASK</name>
         <value>0x5de</value>
      </symbol>
      <symbol id="sm-381">
         <name>UCB1ADDMASK_L</name>
         <value>0x5de</value>
      </symbol>
      <symbol id="sm-382">
         <name>UCB1ADDMASK_H</name>
         <value>0x5df</value>
      </symbol>
      <symbol id="sm-383">
         <name>UCB1I2CSA</name>
         <value>0x5e0</value>
      </symbol>
      <symbol id="sm-384">
         <name>UCB1I2CSA_L</name>
         <value>0x5e0</value>
      </symbol>
      <symbol id="sm-385">
         <name>UCB1I2CSA_H</name>
         <value>0x5e1</value>
      </symbol>
      <symbol id="sm-386">
         <name>UCB1IE</name>
         <value>0x5ea</value>
      </symbol>
      <symbol id="sm-387">
         <name>UCB1IE_L</name>
         <value>0x5ea</value>
      </symbol>
      <symbol id="sm-388">
         <name>UCB1IE_H</name>
         <value>0x5eb</value>
      </symbol>
      <symbol id="sm-389">
         <name>UCB1IFG</name>
         <value>0x5ec</value>
      </symbol>
      <symbol id="sm-38a">
         <name>UCB1IFG_L</name>
         <value>0x5ec</value>
      </symbol>
      <symbol id="sm-38b">
         <name>UCB1IFG_H</name>
         <value>0x5ed</value>
      </symbol>
      <symbol id="sm-38c">
         <name>UCB1IV</name>
         <value>0x5ee</value>
      </symbol>
      <symbol id="sm-38d">
         <name>UCB1IV_L</name>
         <value>0x5ee</value>
      </symbol>
      <symbol id="sm-38e">
         <name>UCB1IV_H</name>
         <value>0x5ef</value>
      </symbol>
      <symbol id="sm-38f">
         <name>fram_rw_start</name>
         <value>0x8000</value>
      </symbol>
      <symbol id="sm-390">
         <name>fram_rx_start</name>
         <value>0x8400</value>
      </symbol>
      <symbol id="sm-391">
         <name>__TI_CINIT_Base</name>
         <value>0x849c</value>
      </symbol>
      <symbol id="sm-392">
         <name>__TI_CINIT_Limit</name>
         <value>0x84ac</value>
      </symbol>
      <symbol id="sm-393">
         <name>__TI_CINIT_Warm</name>
         <value>0x84ac</value>
      </symbol>
      <symbol id="sm-394">
         <name>__TI_Handler_Table_Base</name>
         <value>0x848a</value>
      </symbol>
      <symbol id="sm-395">
         <name>__TI_Handler_Table_Limit</name>
         <value>0x8496</value>
      </symbol>
      <symbol id="sm-396">
         <name>__STACK_SIZE</name>
         <value>0xa0</value>
      </symbol>
      <symbol id="sm-397">
         <name>__STACK_END</name>
         <value>0x3000</value>
      </symbol>
      <symbol id="sm-398">
         <name>__c_args__</name>
         <value>0xffffffff</value>
      </symbol>
      <symbol id="sm-399">
         <name>__TI_pprof_out_hndl</name>
         <value>0xffffffff</value>
      </symbol>
      <symbol id="sm-39a">
         <name>__TI_prof_data_start</name>
         <value>0xffffffff</value>
      </symbol>
      <symbol id="sm-39b">
         <name>__TI_prof_data_size</name>
         <value>0xffffffff</value>
      </symbol>
      <symbol id="sm-479">
         <name>TXBUF</name>
         <value>0x2096</value>
      </symbol>
      <symbol id="sm-47a">
         <name>_Z11pulseEnablei</name>
         <value>0x8bd2</value>
         <object_component_ref idref="oc-638"/>
      </symbol>
      <symbol id="sm-47b">
         <name>__TI_int31</name>
         <value>0xffe0</value>
         <object_component_ref idref="oc-7b"/>
      </symbol>
      <symbol id="sm-47c">
         <name>_Z16EUSCI_B0_I2C_ISRv</name>
         <value>0x8f6a</value>
         <object_component_ref idref="oc-442"/>
      </symbol>
      <symbol id="sm-47d">
         <name>_Z16LCD_ClearDisplayv</name>
         <value>0x8d62</value>
         <object_component_ref idref="oc-498"/>
      </symbol>
      <symbol id="sm-47e">
         <name>_Z18LCD_ShowCustomChariii</name>
         <value>0x8daa</value>
         <object_component_ref idref="oc-4ad"/>
      </symbol>
      <symbol id="sm-47f">
         <name>_Z9LCD_WritePc</name>
         <value>0x8ce2</value>
         <object_component_ref idref="oc-528"/>
      </symbol>
      <symbol id="sm-480">
         <name>_Z14LCD_CreateChariPc</name>
         <value>0x8ba0</value>
         <object_component_ref idref="oc-67a"/>
      </symbol>
      <symbol id="sm-481">
         <name>_Z8I2C_Initi</name>
         <value>0x8956</value>
         <object_component_ref idref="oc-4a4"/>
      </symbol>
      <symbol id="sm-482">
         <name>_Z8LCD_Sendii</name>
         <value>0x8d2c</value>
         <object_component_ref idref="oc-4fe"/>
      </symbol>
      <symbol id="sm-483">
         <name>_Z9LCD_Setupv</name>
         <value>0x85ac</value>
         <object_component_ref idref="oc-49e"/>
      </symbol>
      <symbol id="sm-484">
         <name>_Z12LCD_WriteNumj</name>
         <value>0x86ee</value>
         <object_component_ref idref="oc-556"/>
      </symbol>
      <symbol id="sm-485">
         <name>_Z13LCD_SetCursorii</name>
         <value>0x8c32</value>
         <object_component_ref idref="oc-512"/>
      </symbol>
      <symbol id="sm-486">
         <name>_Z10write4bitsi</name>
         <value>0x8d4a</value>
         <object_component_ref idref="oc-508"/>
      </symbol>
      <symbol id="sm-487">
         <name>_Z8I2C_Sendi</name>
         <value>0x8e18</value>
         <object_component_ref idref="oc-632"/>
      </symbol>
      <symbol id="sm-5a1">
         <name>debounceTimer</name>
         <value>0x2074</value>
         <object_component_ref idref="oc-495"/>
      </symbol>
      <symbol id="sm-5a2">
         <name>_Z10setupPortsv</name>
         <value>0x8b6a</value>
         <object_component_ref idref="oc-544"/>
      </symbol>
      <symbol id="sm-5a3">
         <name>__TI_int24</name>
         <value>0xffd2</value>
         <object_component_ref idref="oc-74"/>
      </symbol>
      <symbol id="sm-5a4">
         <name>tick</name>
         <value>0x2076</value>
         <object_component_ref idref="oc-495"/>
      </symbol>
      <symbol id="sm-5a5">
         <name>_Z24removeMonsterAtSelectionv</name>
         <value>0x876c</value>
         <object_component_ref idref="oc-4b3"/>
      </symbol>
      <symbol id="sm-5a6">
         <name>monsterTemplates</name>
         <value>0x2000</value>
         <object_component_ref idref="oc-677"/>
      </symbol>
      <symbol id="sm-5a7">
         <name>__TI_int43</name>
         <value>0xfff8</value>
         <object_component_ref idref="oc-87"/>
      </symbol>
      <symbol id="sm-5a8">
         <name>_Z7NumRandv</name>
         <value>0x884a</value>
         <object_component_ref idref="oc-52f"/>
      </symbol>
      <symbol id="sm-5a9">
         <name>_Z6Port_2v</name>
         <value>0x8e36</value>
         <object_component_ref idref="oc-43c"/>
      </symbol>
      <symbol id="sm-5aa">
         <name>main</name>
         <value>0x866a</value>
         <object_component_ref idref="oc-4d8"/>
      </symbol>
      <symbol id="sm-5ab">
         <name>selectIndex</name>
         <value>0x2072</value>
         <object_component_ref idref="oc-495"/>
      </symbol>
      <symbol id="sm-5ac">
         <name>monsterCount</name>
         <value>0x2070</value>
         <object_component_ref idref="oc-495"/>
      </symbol>
      <symbol id="sm-5ad">
         <name>_Z8setupLCDv</name>
         <value>0x8c02</value>
         <object_component_ref idref="oc-550"/>
      </symbol>
      <symbol id="sm-5ae">
         <name>_Z10addElementv</name>
         <value>0x8902</value>
         <object_component_ref idref="oc-4b9"/>
      </symbol>
      <symbol id="sm-5af">
         <name>_Z18displayAllMonstersv</name>
         <value>0x8cba</value>
         <object_component_ref idref="oc-51f"/>
      </symbol>
      <symbol id="sm-5b0">
         <name>flashing</name>
         <value>0x2078</value>
         <object_component_ref idref="oc-495"/>
      </symbol>
      <symbol id="sm-5b1">
         <name>_Z7Timer_Bv</name>
         <value>0x8f5a</value>
         <object_component_ref idref="oc-448"/>
      </symbol>
      <symbol id="sm-5b2">
         <name>_Z10setupTimerv</name>
         <value>0x8dd6</value>
         <object_component_ref idref="oc-54a"/>
      </symbol>
      <symbol id="sm-5b3">
         <name>monsters</name>
         <value>0x2040</value>
         <object_component_ref idref="oc-4aa"/>
      </symbol>
      <symbol id="sm-5d4">
         <name>__TI_decompress_lzss</name>
         <value>0x84be</value>
         <object_component_ref idref="oc-66"/>
      </symbol>
      <symbol id="sm-5e5">
         <name>__TI_decompress_none</name>
         <value>0x8b2e</value>
         <object_component_ref idref="oc-6c"/>
      </symbol>
      <symbol id="sm-5e8">
         <name>__TI_int22</name>
         <value>0xffce</value>
         <object_component_ref idref="oc-72"/>
      </symbol>
      <symbol id="sm-5f0">
         <name>__TI_ISR_TRAP</name>
         <value>0x8f72</value>
         <object_component_ref idref="oc-437"/>
      </symbol>
      <symbol id="sm-5f3">
         <name>__TI_int23</name>
         <value>0xffd0</value>
         <object_component_ref idref="oc-73"/>
      </symbol>
      <symbol id="sm-5f6">
         <name>__TI_int25</name>
         <value>0xffd4</value>
         <object_component_ref idref="oc-75"/>
      </symbol>
      <symbol id="sm-5f9">
         <name>__TI_int26</name>
         <value>0xffd6</value>
         <object_component_ref idref="oc-76"/>
      </symbol>
      <symbol id="sm-5fc">
         <name>__TI_int27</name>
         <value>0xffd8</value>
         <object_component_ref idref="oc-77"/>
      </symbol>
      <symbol id="sm-5ff">
         <name>__TI_int28</name>
         <value>0xffda</value>
         <object_component_ref idref="oc-78"/>
      </symbol>
      <symbol id="sm-602">
         <name>__TI_int29</name>
         <value>0xffdc</value>
         <object_component_ref idref="oc-79"/>
      </symbol>
      <symbol id="sm-605">
         <name>__TI_int30</name>
         <value>0xffde</value>
         <object_component_ref idref="oc-7a"/>
      </symbol>
      <symbol id="sm-608">
         <name>__TI_int32</name>
         <value>0xffe2</value>
         <object_component_ref idref="oc-7c"/>
      </symbol>
      <symbol id="sm-60b">
         <name>__TI_int33</name>
         <value>0xffe4</value>
         <object_component_ref idref="oc-7d"/>
      </symbol>
      <symbol id="sm-60e">
         <name>__TI_int34</name>
         <value>0xffe6</value>
         <object_component_ref idref="oc-7e"/>
      </symbol>
      <symbol id="sm-611">
         <name>__TI_int35</name>
         <value>0xffe8</value>
         <object_component_ref idref="oc-7f"/>
      </symbol>
      <symbol id="sm-614">
         <name>__TI_int36</name>
         <value>0xffea</value>
         <object_component_ref idref="oc-80"/>
      </symbol>
      <symbol id="sm-617">
         <name>__TI_int37</name>
         <value>0xffec</value>
         <object_component_ref idref="oc-81"/>
      </symbol>
      <symbol id="sm-61a">
         <name>__TI_int38</name>
         <value>0xffee</value>
         <object_component_ref idref="oc-82"/>
      </symbol>
      <symbol id="sm-61d">
         <name>__TI_int39</name>
         <value>0xfff0</value>
         <object_component_ref idref="oc-83"/>
      </symbol>
      <symbol id="sm-620">
         <name>__TI_int40</name>
         <value>0xfff2</value>
         <object_component_ref idref="oc-84"/>
      </symbol>
      <symbol id="sm-623">
         <name>__TI_int41</name>
         <value>0xfff4</value>
         <object_component_ref idref="oc-85"/>
      </symbol>
      <symbol id="sm-626">
         <name>__TI_int42</name>
         <value>0xfff6</value>
         <object_component_ref idref="oc-86"/>
      </symbol>
      <symbol id="sm-629">
         <name>__TI_int44</name>
         <value>0xfffa</value>
         <object_component_ref idref="oc-88"/>
      </symbol>
      <symbol id="sm-62c">
         <name>__TI_int45</name>
         <value>0xfffc</value>
         <object_component_ref idref="oc-89"/>
      </symbol>
      <symbol id="sm-63c">
         <name>__TI_zero_init_nomemset</name>
         <value>0x8a76</value>
         <object_component_ref idref="oc-44e"/>
      </symbol>
      <symbol id="sm-655">
         <name>__cxa_guard_release</name>
         <value>0x8e22</value>
         <object_component_ref idref="oc-664"/>
      </symbol>
      <symbol id="sm-656">
         <name>__cxa_guard_acquire</name>
         <value>0x8dfc</value>
         <object_component_ref idref="oc-658"/>
      </symbol>
      <symbol id="sm-661">
         <name>__memcpy_far</name>
         <value>0x89f6</value>
         <object_component_ref idref="oc-42b"/>
      </symbol>
      <symbol id="sm-66b">
         <name>__mspabi_remu</name>
         <value>0x8dc0</value>
         <object_component_ref idref="oc-4bf"/>
      </symbol>
      <symbol id="sm-66c">
         <name>__mspabi_divu</name>
         <value>0x8dc0</value>
         <object_component_ref idref="oc-4bf"/>
      </symbol>
      <symbol id="sm-675">
         <name>__mspabi_mpyi_f5hw</name>
         <value>0x8d92</value>
         <object_component_ref idref="oc-681"/>
      </symbol>
      <symbol id="sm-67e">
         <name>__mspabi_mpyl_f5hw</name>
         <value>0x8d08</value>
         <object_component_ref idref="oc-66a"/>
      </symbol>
      <symbol id="sm-68d">
         <name>__mspabi_remli</name>
         <value>0x8a36</value>
         <object_component_ref idref="oc-66f"/>
      </symbol>
      <symbol id="sm-68e">
         <name>__mspabi_divli</name>
         <value>0x8a36</value>
         <object_component_ref idref="oc-66f"/>
      </symbol>
      <symbol id="sm-69c">
         <name>__mspabi_remul</name>
         <value>0x88aa</value>
         <object_component_ref idref="oc-6e3"/>
      </symbol>
      <symbol id="sm-69d">
         <name>__mspabi_divul</name>
         <value>0x88aa</value>
         <object_component_ref idref="oc-6e3"/>
      </symbol>
      <symbol id="sm-6ad">
         <name>_c_int00_noargs_mpu</name>
         <value>0x8f3a</value>
         <object_component_ref idref="oc-478"/>
      </symbol>
      <symbol id="sm-6ae">
         <name>_stack</name>
         <value>0x2f60</value>
         <object_component_ref idref="oc-41c"/>
      </symbol>
      <symbol id="sm-6af">
         <name>_reset_vector</name>
         <value>0xfffe</value>
         <object_component_ref idref="oc-41f"/>
      </symbol>
      <symbol id="sm-6bd">
         <name>__mpu_init</name>
         <value>0x8af2</value>
         <object_component_ref idref="oc-4ea"/>
      </symbol>
      <symbol id="sm-6e0">
         <name>__TI_auto_init_nobinit_nopinit_hold_wdt</name>
         <value>0x87e0</value>
         <object_component_ref idref="oc-581"/>
      </symbol>
      <symbol id="sm-6e9">
         <name>_system_post_cinit</name>
         <value>0x8e34</value>
         <object_component_ref idref="oc-699"/>
      </symbol>
      <symbol id="sm-6f2">
         <name>_system_pre_init</name>
         <value>0x8e2e</value>
         <object_component_ref idref="oc-4d2"/>
      </symbol>
      <symbol id="sm-702">
         <name>C$$EXIT</name>
         <value>0x8e28</value>
         <object_component_ref idref="oc-55d"/>
      </symbol>
      <symbol id="sm-703">
         <name>abort</name>
         <value>0x8e28</value>
         <object_component_ref idref="oc-55d"/>
      </symbol>
      <symbol id="sm-71a">
         <name>_nop</name>
         <value>0x8e32</value>
         <object_component_ref idref="oc-6ef"/>
      </symbol>
      <symbol id="sm-71b">
         <name>_lock</name>
         <value>0x207a</value>
         <object_component_ref idref="oc-68b"/>
      </symbol>
      <symbol id="sm-71c">
         <name>_unlock</name>
         <value>0x207e</value>
         <object_component_ref idref="oc-694"/>
      </symbol>
      <symbol id="sm-72a">
         <name>memcpy</name>
         <value>0x8dea</value>
         <object_component_ref idref="oc-519"/>
      </symbol>
      <symbol id="sm-737">
         <name>strlen</name>
         <value>0x8e0a</value>
         <object_component_ref idref="oc-64d"/>
      </symbol>
      <symbol id="sm-74e">
         <name>__time32</name>
         <value>0x8d7a</value>
         <object_component_ref idref="oc-65e"/>
      </symbol>
      <symbol id="sm-74f">
         <name>time</name>
         <value>0x8d7a</value>
         <object_component_ref idref="oc-65e"/>
      </symbol>
      <symbol id="sm-762">
         <name>HOSTtime</name>
         <value>0x89a8</value>
         <object_component_ref idref="oc-6d4"/>
      </symbol>
      <symbol id="sm-780">
         <name>__TI_readmsg</name>
         <value>0x8c8e</value>
         <object_component_ref idref="oc-721"/>
      </symbol>
      <symbol id="sm-781">
         <name>C$$IO$$</name>
         <value>0x8c8a</value>
         <object_component_ref idref="oc-71b"/>
      </symbol>
      <symbol id="sm-782">
         <name>_CIOBUF_</name>
         <value>0x8000</value>
         <object_component_ref idref="oc-74a"/>
      </symbol>
      <symbol id="sm-783">
         <name>__TI_writemsg</name>
         <value>0x8c60</value>
         <object_component_ref idref="oc-71b"/>
      </symbol>
      <symbol id="sm-78b">
         <name>__mspabi_slll_9</name>
         <value>0x8acc</value>
         <object_component_ref idref="oc-727"/>
      </symbol>
      <symbol id="sm-78c">
         <name>__mspabi_slll_8</name>
         <value>0x8ad0</value>
         <object_component_ref idref="oc-727"/>
      </symbol>
      <symbol id="sm-78d">
         <name>__mspabi_slll_7</name>
         <value>0x8ad4</value>
         <object_component_ref idref="oc-727"/>
      </symbol>
      <symbol id="sm-78e">
         <name>__mspabi_slll_6</name>
         <value>0x8ad8</value>
         <object_component_ref idref="oc-727"/>
      </symbol>
      <symbol id="sm-78f">
         <name>__mspabi_slll_5</name>
         <value>0x8adc</value>
         <object_component_ref idref="oc-727"/>
      </symbol>
      <symbol id="sm-790">
         <name>__mspabi_slll_4</name>
         <value>0x8ae0</value>
         <object_component_ref idref="oc-727"/>
      </symbol>
      <symbol id="sm-791">
         <name>__mspabi_slll_3</name>
         <value>0x8ae4</value>
         <object_component_ref idref="oc-727"/>
      </symbol>
      <symbol id="sm-792">
         <name>__mspabi_slll_2</name>
         <value>0x8ae8</value>
         <object_component_ref idref="oc-727"/>
      </symbol>
      <symbol id="sm-793">
         <name>__mspabi_slll_1</name>
         <value>0x8aec</value>
         <object_component_ref idref="oc-727"/>
      </symbol>
      <symbol id="sm-794">
         <name>__mspabi_slll_15</name>
         <value>0x8ab4</value>
         <object_component_ref idref="oc-727"/>
      </symbol>
      <symbol id="sm-795">
         <name>__mspabi_slll_14</name>
         <value>0x8ab8</value>
         <object_component_ref idref="oc-727"/>
      </symbol>
      <symbol id="sm-796">
         <name>__mspabi_slll_13</name>
         <value>0x8abc</value>
         <object_component_ref idref="oc-727"/>
      </symbol>
      <symbol id="sm-797">
         <name>__mspabi_slll_12</name>
         <value>0x8ac0</value>
         <object_component_ref idref="oc-727"/>
      </symbol>
      <symbol id="sm-798">
         <name>__mspabi_slll_11</name>
         <value>0x8ac4</value>
         <object_component_ref idref="oc-727"/>
      </symbol>
      <symbol id="sm-799">
         <name>__mspabi_slll_10</name>
         <value>0x8ac8</value>
         <object_component_ref idref="oc-727"/>
      </symbol>
      <symbol id="sm-79f">
         <name>parmbuf</name>
         <value>0x208e</value>
      </symbol>
   </symbol_table>
   <title>Link successful</title>
</link_info>
